Archive member included to satisfy reference by file (symbol)

d:/stm32cube/stm32cubeide/stm32cubeide/plugins/com.st.stm32cube.ide.mcu.externaltools.gnu-tools-for-stm32.9-2020-q2-update.win32_2.0.0.202105311346/tools/bin/../lib/gcc/arm-none-eabi/9.3.1/../../../../arm-none-eabi/lib/thumb/v6-m/nofp\libc_nano.a(lib_a-errno.o)
                              ./Core/Src/syscalls.o (__errno)
d:/stm32cube/stm32cubeide/stm32cubeide/plugins/com.st.stm32cube.ide.mcu.externaltools.gnu-tools-for-stm32.9-2020-q2-update.win32_2.0.0.202105311346/tools/bin/../lib/gcc/arm-none-eabi/9.3.1/../../../../arm-none-eabi/lib/thumb/v6-m/nofp\libc_nano.a(lib_a-exit.o)
                              d:/stm32cube/stm32cubeide/stm32cubeide/plugins/com.st.stm32cube.ide.mcu.externaltools.gnu-tools-for-stm32.9-2020-q2-update.win32_2.0.0.202105311346/tools/bin/../lib/gcc/arm-none-eabi/9.3.1/../../../../arm-none-eabi/lib/thumb/v6-m/nofp/crt0.o (exit)
d:/stm32cube/stm32cubeide/stm32cubeide/plugins/com.st.stm32cube.ide.mcu.externaltools.gnu-tools-for-stm32.9-2020-q2-update.win32_2.0.0.202105311346/tools/bin/../lib/gcc/arm-none-eabi/9.3.1/../../../../arm-none-eabi/lib/thumb/v6-m/nofp\libc_nano.a(lib_a-impure.o)
                              d:/stm32cube/stm32cubeide/stm32cubeide/plugins/com.st.stm32cube.ide.mcu.externaltools.gnu-tools-for-stm32.9-2020-q2-update.win32_2.0.0.202105311346/tools/bin/../lib/gcc/arm-none-eabi/9.3.1/../../../../arm-none-eabi/lib/thumb/v6-m/nofp\libc_nano.a(lib_a-exit.o) (_global_impure_ptr)
d:/stm32cube/stm32cubeide/stm32cubeide/plugins/com.st.stm32cube.ide.mcu.externaltools.gnu-tools-for-stm32.9-2020-q2-update.win32_2.0.0.202105311346/tools/bin/../lib/gcc/arm-none-eabi/9.3.1/../../../../arm-none-eabi/lib/thumb/v6-m/nofp\libc_nano.a(lib_a-init.o)
                              d:/stm32cube/stm32cubeide/stm32cubeide/plugins/com.st.stm32cube.ide.mcu.externaltools.gnu-tools-for-stm32.9-2020-q2-update.win32_2.0.0.202105311346/tools/bin/../lib/gcc/arm-none-eabi/9.3.1/../../../../arm-none-eabi/lib/thumb/v6-m/nofp/crt0.o (__libc_init_array)
d:/stm32cube/stm32cubeide/stm32cubeide/plugins/com.st.stm32cube.ide.mcu.externaltools.gnu-tools-for-stm32.9-2020-q2-update.win32_2.0.0.202105311346/tools/bin/../lib/gcc/arm-none-eabi/9.3.1/../../../../arm-none-eabi/lib/thumb/v6-m/nofp\libc_nano.a(lib_a-memset.o)
                              d:/stm32cube/stm32cubeide/stm32cubeide/plugins/com.st.stm32cube.ide.mcu.externaltools.gnu-tools-for-stm32.9-2020-q2-update.win32_2.0.0.202105311346/tools/bin/../lib/gcc/arm-none-eabi/9.3.1/../../../../arm-none-eabi/lib/thumb/v6-m/nofp/crt0.o (memset)
d:/stm32cube/stm32cubeide/stm32cubeide/plugins/com.st.stm32cube.ide.mcu.externaltools.gnu-tools-for-stm32.9-2020-q2-update.win32_2.0.0.202105311346/tools/bin/../lib/gcc/arm-none-eabi/9.3.1/thumb/v6-m/nofp\libgcc.a(_udivsi3.o)
                              ./Core/Src/system_stm32f0xx.o (__aeabi_uidiv)
d:/stm32cube/stm32cubeide/stm32cubeide/plugins/com.st.stm32cube.ide.mcu.externaltools.gnu-tools-for-stm32.9-2020-q2-update.win32_2.0.0.202105311346/tools/bin/../lib/gcc/arm-none-eabi/9.3.1/thumb/v6-m/nofp\libgcc.a(_divsi3.o)
                              ./Core/Src/fsm_auto.o (__aeabi_idiv)
d:/stm32cube/stm32cubeide/stm32cubeide/plugins/com.st.stm32cube.ide.mcu.externaltools.gnu-tools-for-stm32.9-2020-q2-update.win32_2.0.0.202105311346/tools/bin/../lib/gcc/arm-none-eabi/9.3.1/thumb/v6-m/nofp\libgcc.a(_dvmd_tls.o)
                              d:/stm32cube/stm32cubeide/stm32cubeide/plugins/com.st.stm32cube.ide.mcu.externaltools.gnu-tools-for-stm32.9-2020-q2-update.win32_2.0.0.202105311346/tools/bin/../lib/gcc/arm-none-eabi/9.3.1/thumb/v6-m/nofp\libgcc.a(_udivsi3.o) (__aeabi_idiv0)

Allocating common symbols
Common symbol       size              file

hi2c1               0x54              ./Core/Src/main.o
uwTick              0x4               ./Drivers/STM32F0xx_HAL_Driver/Src/stm32f0xx_hal.o
pFlash              0x20              ./Drivers/STM32F0xx_HAL_Driver/Src/stm32f0xx_hal_flash.o
htim2               0x48              ./Core/Src/main.o

Discarded input sections

 .text          0x0000000000000000        0x0 d:/stm32cube/stm32cubeide/stm32cubeide/plugins/com.st.stm32cube.ide.mcu.externaltools.gnu-tools-for-stm32.9-2020-q2-update.win32_2.0.0.202105311346/tools/bin/../lib/gcc/arm-none-eabi/9.3.1/thumb/v6-m/nofp/crti.o
 .data          0x0000000000000000        0x0 d:/stm32cube/stm32cubeide/stm32cubeide/plugins/com.st.stm32cube.ide.mcu.externaltools.gnu-tools-for-stm32.9-2020-q2-update.win32_2.0.0.202105311346/tools/bin/../lib/gcc/arm-none-eabi/9.3.1/thumb/v6-m/nofp/crti.o
 .bss           0x0000000000000000        0x0 d:/stm32cube/stm32cubeide/stm32cubeide/plugins/com.st.stm32cube.ide.mcu.externaltools.gnu-tools-for-stm32.9-2020-q2-update.win32_2.0.0.202105311346/tools/bin/../lib/gcc/arm-none-eabi/9.3.1/thumb/v6-m/nofp/crti.o
[...]
Memory Configuration

Name             Origin             Length             Attributes
RAM              0x0000000020000000 0x0000000000001000 xrw
FLASH            0x0000000008000000 0x0000000000008000 xr
*default*        0x0000000000000000 0xffffffffffffffff

Linker script and memory map

LOAD d:/stm32cube/stm32cubeide/stm32cubeide/plugins/com.st.stm32cube.ide.mcu.externaltools.gnu-tools-for-stm32.9-2020-q2-update.win32_2.0.0.202105311346/tools/bin/../lib/gcc/arm-none-eabi/9.3.1/thumb/v6-m/nofp/crti.o
LOAD d:/stm32cube/stm32cubeide/stm32cubeide/plugins/com.st.stm32cube.ide.mcu.externaltools.gnu-tools-for-stm32.9-2020-q2-update.win32_2.0.0.202105311346/tools/bin/../lib/gcc/arm-none-eabi/9.3.1/thumb/v6-m/nofp/crtbegin.o
LOAD d:/stm32cube/stm32cubeide/stm32cubeide/plugins/com.st.stm32cube.ide.mcu.externaltools.gnu-tools-for-stm32.9-2020-q2-update.win32_2.0.0.202105311346/tools/bin/../lib/gcc/arm-none-eabi/9.3.1/../../../../arm-none-eabi/lib/thumb/v6-m/nofp/crt0.o
LOAD ./Core/Src/button.o
LOAD ./Core/Src/fsm_auto.o
LOAD ./Core/Src/fsm_manual.o
LOAD ./Core/Src/fsm_setting.o
LOAD ./Core/Src/fsm_slow.o
LOAD ./Core/Src/global.o
LOAD ./Core/Src/i2c-lcd.o
LOAD ./Core/Src/led_display.o
LOAD ./Core/Src/main.o
LOAD ./Core/Src/stm32f0xx_hal_msp.o
LOAD ./Core/Src/stm32f0xx_it.o
LOAD ./Core/Src/syscalls.o
LOAD ./Core/Src/sysmem.o
LOAD ./Core/Src/system_stm32f0xx.o
LOAD ./Core/Src/timer.o
LOAD ./Core/Startup/startup_stm32f031k6tx.o
LOAD ./Drivers/STM32F0xx_HAL_Driver/Src/stm32f0xx_hal.o
LOAD ./Drivers/STM32F0xx_HAL_Driver/Src/stm32f0xx_hal_cortex.o
LOAD ./Drivers/STM32F0xx_HAL_Driver/Src/stm32f0xx_hal_dma.o
LOAD ./Drivers/STM32F0xx_HAL_Driver/Src/stm32f0xx_hal_exti.o
LOAD ./Drivers/STM32F0xx_HAL_Driver/Src/stm32f0xx_hal_flash.o
LOAD ./Drivers/STM32F0xx_HAL_Driver/Src/stm32f0xx_hal_flash_ex.o
LOAD ./Drivers/STM32F0xx_HAL_Driver/Src/stm32f0xx_hal_gpio.o
LOAD ./Drivers/STM32F0xx_HAL_Driver/Src/stm32f0xx_hal_i2c.o
LOAD ./Drivers/STM32F0xx_HAL_Driver/Src/stm32f0xx_hal_i2c_ex.o
LOAD ./Drivers/STM32F0xx_HAL_Driver/Src/stm32f0xx_hal_pwr.o
LOAD ./Drivers/STM32F0xx_HAL_Driver/Src/stm32f0xx_hal_pwr_ex.o
LOAD ./Drivers/STM32F0xx_HAL_Driver/Src/stm32f0xx_hal_rcc.o
LOAD ./Drivers/STM32F0xx_HAL_Driver/Src/stm32f0xx_hal_rcc_ex.o
LOAD ./Drivers/STM32F0xx_HAL_Driver/Src/stm32f0xx_hal_tim.o
LOAD ./Drivers/STM32F0xx_HAL_Driver/Src/stm32f0xx_hal_tim_ex.o
START GROUP
LOAD d:/stm32cube/stm32cubeide/stm32cubeide/plugins/com.st.stm32cube.ide.mcu.externaltools.gnu-tools-for-stm32.9-2020-q2-update.win32_2.0.0.202105311346/tools/bin/../lib/gcc/arm-none-eabi/9.3.1/../../../../arm-none-eabi/lib/thumb/v6-m/nofp\libc_nano.a
LOAD d:/stm32cube/stm32cubeide/stm32cubeide/plugins/com.st.stm32cube.ide.mcu.externaltools.gnu-tools-for-stm32.9-2020-q2-update.win32_2.0.0.202105311346/tools/bin/../lib/gcc/arm-none-eabi/9.3.1/../../../../arm-none-eabi/lib/thumb/v6-m/nofp\libm.a
END GROUP
START GROUP
LOAD d:/stm32cube/stm32cubeide/stm32cubeide/plugins/com.st.stm32cube.ide.mcu.externaltools.gnu-tools-for-stm32.9-2020-q2-update.win32_2.0.0.202105311346/tools/bin/../lib/gcc/arm-none-eabi/9.3.1/thumb/v6-m/nofp\libgcc.a
LOAD d:/stm32cube/stm32cubeide/stm32cubeide/plugins/com.st.stm32cube.ide.mcu.externaltools.gnu-tools-for-stm32.9-2020-q2-update.win32_2.0.0.202105311346/tools/bin/../lib/gcc/arm-none-eabi/9.3.1/../../../../arm-none-eabi/lib/thumb/v6-m/nofp\libc_nano.a
END GROUP
START GROUP
LOAD d:/stm32cube/stm32cubeide/stm32cubeide/plugins/com.st.stm32cube.ide.mcu.externaltools.gnu-tools-for-stm32.9-2020-q2-update.win32_2.0.0.202105311346/tools/bin/../lib/gcc/arm-none-eabi/9.3.1/thumb/v6-m/nofp\libgcc.a
LOAD d:/stm32cube/stm32cubeide/stm32cubeide/plugins/com.st.stm32cube.ide.mcu.externaltools.gnu-tools-for-stm32.9-2020-q2-update.win32_2.0.0.202105311346/tools/bin/../lib/gcc/arm-none-eabi/9.3.1/../../../../arm-none-eabi/lib/thumb/v6-m/nofp\libc_nano.a
LOAD d:/stm32cube/stm32cubeide/stm32cubeide/plugins/com.st.stm32cube.ide.mcu.externaltools.gnu-tools-for-stm32.9-2020-q2-update.win32_2.0.0.202105311346/tools/bin/../lib/gcc/arm-none-eabi/9.3.1/../../../../arm-none-eabi/lib/thumb/v6-m/nofp\libnosys.a
END GROUP
START GROUP
LOAD d:/stm32cube/stm32cubeide/stm32cubeide/plugins/com.st.stm32cube.ide.mcu.externaltools.gnu-tools-for-stm32.9-2020-q2-update.win32_2.0.0.202105311346/tools/bin/../lib/gcc/arm-none-eabi/9.3.1/thumb/v6-m/nofp\libgcc.a
LOAD d:/stm32cube/stm32cubeide/stm32cubeide/plugins/com.st.stm32cube.ide.mcu.externaltools.gnu-tools-for-stm32.9-2020-q2-update.win32_2.0.0.202105311346/tools/bin/../lib/gcc/arm-none-eabi/9.3.1/../../../../arm-none-eabi/lib/thumb/v6-m/nofp\libc_nano.a
LOAD d:/stm32cube/stm32cubeide/stm32cubeide/plugins/com.st.stm32cube.ide.mcu.externaltools.gnu-tools-for-stm32.9-2020-q2-update.win32_2.0.0.202105311346/tools/bin/../lib/gcc/arm-none-eabi/9.3.1/../../../../arm-none-eabi/lib/thumb/v6-m/nofp\libnosys.a
END GROUP
LOAD d:/stm32cube/stm32cubeide/stm32cubeide/plugins/com.st.stm32cube.ide.mcu.externaltools.gnu-tools-for-stm32.9-2020-q2-update.win32_2.0.0.202105311346/tools/bin/../lib/gcc/arm-none-eabi/9.3.1/thumb/v6-m/nofp/crtend.o
LOAD d:/stm32cube/stm32cubeide/stm32cubeide/plugins/com.st.stm32cube.ide.mcu.externaltools.gnu-tools-for-stm32.9-2020-q2-update.win32_2.0.0.202105311346/tools/bin/../lib/gcc/arm-none-eabi/9.3.1/thumb/v6-m/nofp/crtn.o
                0x0000000020001000                _estack = (ORIGIN (RAM) + LENGTH (RAM))
                0x0000000000000200                _Min_Heap_Size = 0x200
                0x0000000000000400                _Min_Stack_Size = 0x400

.isr_vector     0x0000000008000000       0xc0
                0x0000000008000000                . = ALIGN (0x4)
 *(.isr_vector)
 .isr_vector    0x0000000008000000       0xc0 ./Core/Startup/startup_stm32f031k6tx.o
                0x0000000008000000                g_pfnVectors
                0x00000000080000c0                . = ALIGN (0x4)

.text           0x00000000080000c0     0x3b98
                0x00000000080000c0                . = ALIGN (0x4)
 *(.text)
 .text          0x00000000080000c0       0x48 d:/stm32cube/stm32cubeide/stm32cubeide/plugins/com.st.stm32cube.ide.mcu.externaltools.gnu-tools-for-stm32.9-2020-q2-update.win32_2.0.0.202105311346/tools/bin/../lib/gcc/arm-none-eabi/9.3.1/thumb/v6-m/nofp/crtbegin.o
 .text          0x0000000008000108      0x114 d:/stm32cube/stm32cubeide/stm32cubeide/plugins/com.st.stm32cube.ide.mcu.externaltools.gnu-tools-for-stm32.9-2020-q2-update.win32_2.0.0.202105311346/tools/bin/../lib/gcc/arm-none-eabi/9.3.1/thumb/v6-m/nofp\libgcc.a(_udivsi3.o)
                0x0000000008000108                __aeabi_uidiv
                0x0000000008000108                __udivsi3
                0x0000000008000214                __aeabi_uidivmod
 .text          0x000000000800021c      0x1d4 d:/stm32cube/stm32cubeide/stm32cubeide/plugins/com.st.stm32cube.ide.mcu.externaltools.gnu-tools-for-stm32.9-2020-q2-update.win32_2.0.0.202105311346/tools/bin/../lib/gcc/arm-none-eabi/9.3.1/thumb/v6-m/nofp\libgcc.a(_divsi3.o)
                0x000000000800021c                __divsi3
                0x000000000800021c                __aeabi_idiv
                0x00000000080003e8                __aeabi_idivmod
 .text          0x00000000080003f0        0x4 d:/stm32cube/stm32cubeide/stm32cubeide/plugins/com.st.stm32cube.ide.mcu.externaltools.gnu-tools-for-stm32.9-2020-q2-update.win32_2.0.0.202105311346/tools/bin/../lib/gcc/arm-none-eabi/9.3.1/thumb/v6-m/nofp\libgcc.a(_dvmd_tls.o)
                0x00000000080003f0                __aeabi_idiv0
                0x00000000080003f0                __aeabi_ldiv0
 *(.text*)
 .text.getKeyinput
                0x00000000080003f4       0x90 ./Core/Src/button.o
                0x00000000080003f4                getKeyinput
 .text.isButtonPress
                0x0000000008000484       0x30 ./Core/Src/button.o
                0x0000000008000484                isButtonPress
 .text.fsm_auto_run
                0x00000000080004b4      0x488 ./Core/Src/fsm_auto.o
                0x00000000080004b4                fsm_auto_run
 .text.fsm_manual
                0x000000000800093c      0x1e0 ./Core/Src/fsm_manual.o
                0x000000000800093c                fsm_manual
 .text.fsm_setting
                0x0000000008000b1c      0x208 ./Core/Src/fsm_setting.o
                0x0000000008000b1c                fsm_setting
 .text.fsm_slow_run
                0x0000000008000d24       0xdc ./Core/Src/fsm_slow.o
                0x0000000008000d24                fsm_slow_run
 .text.lcd_send_cmd
                0x0000000008000e00       0x7c ./Core/Src/i2c-lcd.o
                0x0000000008000e00                lcd_send_cmd
 .text.lcd_send_data
                0x0000000008000e7c       0x7c ./Core/Src/i2c-lcd.o
                0x0000000008000e7c                lcd_send_data
 .text.lcd_init
                0x0000000008000ef8       0x5e ./Core/Src/i2c-lcd.o
                0x0000000008000ef8                lcd_init
 .text.lcd_send_string
                0x0000000008000f56       0x2a ./Core/Src/i2c-lcd.o
                0x0000000008000f56                lcd_send_string
 .text.lcd_clear_display
                0x0000000008000f80       0x16 ./Core/Src/i2c-lcd.o
                0x0000000008000f80                lcd_clear_display
 .text.lcd_goto_XY
                0x0000000008000f96       0x52 ./Core/Src/i2c-lcd.o
                0x0000000008000f96                lcd_goto_XY
 .text.Diable_Led
                0x0000000008000fe8       0x48 ./Core/Src/led_display.o
                0x0000000008000fe8                Diable_Led
 .text.Scan7SEG
                0x0000000008001030       0xb8 ./Core/Src/led_display.o
                0x0000000008001030                Scan7SEG
 .text.display7SEG
                0x00000000080010e8      0x228 ./Core/Src/led_display.o
                0x00000000080010e8                display7SEG
 .text.updateClockBuffer
                0x0000000008001310       0x60 ./Core/Src/led_display.o
                0x0000000008001310                updateClockBuffer
 .text.single_LED_off
                0x0000000008001370       0x64 ./Core/Src/led_display.o
                0x0000000008001370                single_LED_off
 .text.main     0x00000000080013d4       0x6c ./Core/Src/main.o
                0x00000000080013d4                main
 .text.SystemClock_Config
                0x0000000008001440       0xae ./Core/Src/main.o
                0x0000000008001440                SystemClock_Config
 *fill*         0x00000000080014ee        0x2 
 .text.MX_I2C1_Init
                0x00000000080014f0       0x80 ./Core/Src/main.o
 .text.MX_TIM2_Init
                0x0000000008001570       0xa8 ./Core/Src/main.o
 .text.MX_GPIO_Init
                0x0000000008001618      0x14c ./Core/Src/main.o
 .text.Error_Handler
                0x0000000008001764        0xa ./Core/Src/main.o
                0x0000000008001764                Error_Handler
 *fill*         0x000000000800176e        0x2 
 .text.HAL_MspInit
                0x0000000008001770       0x48 ./Core/Src/stm32f0xx_hal_msp.o
                0x0000000008001770                HAL_MspInit
 .text.HAL_I2C_MspInit
                0x00000000080017b8       0x9c ./Core/Src/stm32f0xx_hal_msp.o
                0x00000000080017b8                HAL_I2C_MspInit
 .text.HAL_TIM_Base_MspInit
                0x0000000008001854       0x48 ./Core/Src/stm32f0xx_hal_msp.o
                0x0000000008001854                HAL_TIM_Base_MspInit
 .text.NMI_Handler
                0x000000000800189c        0x6 ./Core/Src/stm32f0xx_it.o
                0x000000000800189c                NMI_Handler
 .text.HardFault_Handler
                0x00000000080018a2        0x6 ./Core/Src/stm32f0xx_it.o
                0x00000000080018a2                HardFault_Handler
 .text.SVC_Handler
                0x00000000080018a8        0xa ./Core/Src/stm32f0xx_it.o
                0x00000000080018a8                SVC_Handler
 .text.PendSV_Handler
                0x00000000080018b2        0xa ./Core/Src/stm32f0xx_it.o
                0x00000000080018b2                PendSV_Handler
 .text.SysTick_Handler
                0x00000000080018bc        0xe ./Core/Src/stm32f0xx_it.o
                0x00000000080018bc                SysTick_Handler
 *fill*         0x00000000080018ca        0x2 
 .text.TIM2_IRQHandler
                0x00000000080018cc       0x18 ./Core/Src/stm32f0xx_it.o
                0x00000000080018cc                TIM2_IRQHandler
 .text.SystemInit
                0x00000000080018e4        0xa ./Core/Src/system_stm32f0xx.o
                0x00000000080018e4                SystemInit
 *fill*         0x00000000080018ee        0x2 
 .text.setTimer
                0x00000000080018f0       0x3c ./Core/Src/timer.o
                0x00000000080018f0                setTimer
 .text.timer_run
                0x000000000800192c       0x60 ./Core/Src/timer.o
                0x000000000800192c                timer_run
 .text.HAL_TIM_PeriodElapsedCallback
                0x000000000800198c       0x18 ./Core/Src/timer.o
                0x000000000800198c                HAL_TIM_PeriodElapsedCallback
 .text.Reset_Handler
                0x00000000080019a4       0x50 ./Core/Startup/startup_stm32f031k6tx.o
                0x00000000080019a4                Reset_Handler
 .text.Default_Handler
                0x00000000080019f4        0x2 ./Core/Startup/startup_stm32f031k6tx.o
                0x00000000080019f4                TIM1_CC_IRQHandler
                0x00000000080019f4                PVD_IRQHandler
                0x00000000080019f4                I2C1_IRQHandler
                0x00000000080019f4                SPI1_IRQHandler
                0x00000000080019f4                EXTI2_3_IRQHandler
                0x00000000080019f4                ADC1_IRQHandler
                0x00000000080019f4                TIM17_IRQHandler
                0x00000000080019f4                RTC_IRQHandler
                0x00000000080019f4                TIM16_IRQHandler
                0x00000000080019f4                TIM3_IRQHandler
                0x00000000080019f4                EXTI4_15_IRQHandler
                0x00000000080019f4                RCC_IRQHandler
                0x00000000080019f4                DMA1_Channel1_IRQHandler
                0x00000000080019f4                Default_Handler
                0x00000000080019f4                TIM14_IRQHandler
                0x00000000080019f4                DMA1_Channel4_5_IRQHandler
                0x00000000080019f4                EXTI0_1_IRQHandler
                0x00000000080019f4                WWDG_IRQHandler
                0x00000000080019f4                DMA1_Channel2_3_IRQHandler
                0x00000000080019f4                FLASH_IRQHandler
                0x00000000080019f4                USART1_IRQHandler
                0x00000000080019f4                TIM1_BRK_UP_TRG_COM_IRQHandler
 *fill*         0x00000000080019f6        0x2 
 .text.HAL_Init
                0x00000000080019f8       0x28 ./Drivers/STM32F0xx_HAL_Driver/Src/stm32f0xx_hal.o
                0x00000000080019f8                HAL_Init
 .text.HAL_InitTick
                0x0000000008001a20       0x68 ./Drivers/STM32F0xx_HAL_Driver/Src/stm32f0xx_hal.o
                0x0000000008001a20                HAL_InitTick
 .text.HAL_IncTick
                0x0000000008001a88       0x24 ./Drivers/STM32F0xx_HAL_Driver/Src/stm32f0xx_hal.o
                0x0000000008001a88                HAL_IncTick
 .text.HAL_GetTick
                0x0000000008001aac       0x14 ./Drivers/STM32F0xx_HAL_Driver/Src/stm32f0xx_hal.o
                0x0000000008001aac                HAL_GetTick
 .text.HAL_Delay
                0x0000000008001ac0       0x48 ./Drivers/STM32F0xx_HAL_Driver/Src/stm32f0xx_hal.o
                0x0000000008001ac0                HAL_Delay
 .text.__NVIC_EnableIRQ
                0x0000000008001b08       0x34 ./Drivers/STM32F0xx_HAL_Driver/Src/stm32f0xx_hal_cortex.o
 .text.__NVIC_SetPriority
                0x0000000008001b3c       0xdc ./Drivers/STM32F0xx_HAL_Driver/Src/stm32f0xx_hal_cortex.o
 .text.SysTick_Config
                0x0000000008001c18       0x48 ./Drivers/STM32F0xx_HAL_Driver/Src/stm32f0xx_hal_cortex.o
 .text.HAL_NVIC_SetPriority
                0x0000000008001c60       0x2a ./Drivers/STM32F0xx_HAL_Driver/Src/stm32f0xx_hal_cortex.o
                0x0000000008001c60                HAL_NVIC_SetPriority
 .text.HAL_NVIC_EnableIRQ
                0x0000000008001c8a       0x20 ./Drivers/STM32F0xx_HAL_Driver/Src/stm32f0xx_hal_cortex.o
                0x0000000008001c8a                HAL_NVIC_EnableIRQ
 .text.HAL_SYSTICK_Config
                0x0000000008001caa       0x1a ./Drivers/STM32F0xx_HAL_Driver/Src/stm32f0xx_hal_cortex.o
                0x0000000008001caa                HAL_SYSTICK_Config
 .text.HAL_GPIO_Init
                0x0000000008001cc4      0x2d0 ./Drivers/STM32F0xx_HAL_Driver/Src/stm32f0xx_hal_gpio.o
                0x0000000008001cc4                HAL_GPIO_Init
 .text.HAL_GPIO_ReadPin
                0x0000000008001f94       0x3a ./Drivers/STM32F0xx_HAL_Driver/Src/stm32f0xx_hal_gpio.o
                0x0000000008001f94                HAL_GPIO_ReadPin
 .text.HAL_GPIO_WritePin
                0x0000000008001fce       0x3a ./Drivers/STM32F0xx_HAL_Driver/Src/stm32f0xx_hal_gpio.o
                0x0000000008001fce                HAL_GPIO_WritePin
 .text.HAL_GPIO_TogglePin
                0x0000000008002008       0x36 ./Drivers/STM32F0xx_HAL_Driver/Src/stm32f0xx_hal_gpio.o
                0x0000000008002008                HAL_GPIO_TogglePin
 *fill*         0x000000000800203e        0x2 
 .text.HAL_I2C_Init
                0x0000000008002040      0x14c ./Drivers/STM32F0xx_HAL_Driver/Src/stm32f0xx_hal_i2c.o
                0x0000000008002040                HAL_I2C_Init
 .text.HAL_I2C_Master_Transmit
                0x000000000800218c      0x254 ./Drivers/STM32F0xx_HAL_Driver/Src/stm32f0xx_hal_i2c.o
                0x000000000800218c                HAL_I2C_Master_Transmit
 .text.I2C_Flush_TXDR
                0x00000000080023e0       0x44 ./Drivers/STM32F0xx_HAL_Driver/Src/stm32f0xx_hal_i2c.o
 .text.I2C_WaitOnFlagUntilTimeout
                0x0000000008002424       0xb0 ./Drivers/STM32F0xx_HAL_Driver/Src/stm32f0xx_hal_i2c.o
 .text.I2C_WaitOnTXISFlagUntilTimeout
                0x00000000080024d4       0x8c ./Drivers/STM32F0xx_HAL_Driver/Src/stm32f0xx_hal_i2c.o
 .text.I2C_WaitOnSTOPFlagUntilTimeout
                0x0000000008002560       0x86 ./Drivers/STM32F0xx_HAL_Driver/Src/stm32f0xx_hal_i2c.o
 *fill*         0x00000000080025e6        0x2 
 .text.I2C_IsErrorOccurred
                0x00000000080025e8      0x200 ./Drivers/STM32F0xx_HAL_Driver/Src/stm32f0xx_hal_i2c.o
 .text.I2C_TransferConfig
                0x00000000080027e8       0x74 ./Drivers/STM32F0xx_HAL_Driver/Src/stm32f0xx_hal_i2c.o
 .text.HAL_I2CEx_ConfigAnalogFilter
                0x000000000800285c       0x98 ./Drivers/STM32F0xx_HAL_Driver/Src/stm32f0xx_hal_i2c_ex.o
                0x000000000800285c                HAL_I2CEx_ConfigAnalogFilter
 .text.HAL_I2CEx_ConfigDigitalFilter
                0x00000000080028f4       0x98 ./Drivers/STM32F0xx_HAL_Driver/Src/stm32f0xx_hal_i2c_ex.o
                0x00000000080028f4                HAL_I2CEx_ConfigDigitalFilter
 .text.HAL_I2CEx_EnableFastModePlus
                0x000000000800298c       0x3c ./Drivers/STM32F0xx_HAL_Driver/Src/stm32f0xx_hal_i2c_ex.o
                0x000000000800298c                HAL_I2CEx_EnableFastModePlus
 .text.HAL_RCC_OscConfig
                0x00000000080029c8      0x634 ./Drivers/STM32F0xx_HAL_Driver/Src/stm32f0xx_hal_rcc.o
                0x00000000080029c8                HAL_RCC_OscConfig
 .text.HAL_RCC_ClockConfig
                0x0000000008002ffc      0x19c ./Drivers/STM32F0xx_HAL_Driver/Src/stm32f0xx_hal_rcc.o
                0x0000000008002ffc                HAL_RCC_ClockConfig
 .text.HAL_RCC_GetSysClockFreq
                0x0000000008003198       0xac ./Drivers/STM32F0xx_HAL_Driver/Src/stm32f0xx_hal_rcc.o
                0x0000000008003198                HAL_RCC_GetSysClockFreq
 .text.HAL_RCCEx_PeriphCLKConfig
                0x0000000008003244      0x19c ./Drivers/STM32F0xx_HAL_Driver/Src/stm32f0xx_hal_rcc_ex.o
                0x0000000008003244                HAL_RCCEx_PeriphCLKConfig
 .text.HAL_TIM_Base_Init
                0x00000000080033e0       0xa0 ./Drivers/STM32F0xx_HAL_Driver/Src/stm32f0xx_hal_tim.o
                0x00000000080033e0                HAL_TIM_Base_Init
 .text.HAL_TIM_Base_Start_IT
                0x0000000008003480       0x98 ./Drivers/STM32F0xx_HAL_Driver/Src/stm32f0xx_hal_tim.o
                0x0000000008003480                HAL_TIM_Base_Start_IT
 .text.HAL_TIM_IRQHandler
                0x0000000008003518      0x1dc ./Drivers/STM32F0xx_HAL_Driver/Src/stm32f0xx_hal_tim.o
                0x0000000008003518                HAL_TIM_IRQHandler
 .text.HAL_TIM_ConfigClockSource
                0x00000000080036f4      0x1a8 ./Drivers/STM32F0xx_HAL_Driver/Src/stm32f0xx_hal_tim.o
                0x00000000080036f4                HAL_TIM_ConfigClockSource
 .text.HAL_TIM_OC_DelayElapsedCallback
                0x000000000800389c       0x10 ./Drivers/STM32F0xx_HAL_Driver/Src/stm32f0xx_hal_tim.o
                0x000000000800389c                HAL_TIM_OC_DelayElapsedCallback
 .text.HAL_TIM_IC_CaptureCallback
                0x00000000080038ac       0x10 ./Drivers/STM32F0xx_HAL_Driver/Src/stm32f0xx_hal_tim.o
                0x00000000080038ac                HAL_TIM_IC_CaptureCallback
 .text.HAL_TIM_PWM_PulseFinishedCallback
                0x00000000080038bc       0x10 ./Drivers/STM32F0xx_HAL_Driver/Src/stm32f0xx_hal_tim.o
                0x00000000080038bc                HAL_TIM_PWM_PulseFinishedCallback
 .text.HAL_TIM_TriggerCallback
                0x00000000080038cc       0x10 ./Drivers/STM32F0xx_HAL_Driver/Src/stm32f0xx_hal_tim.o
                0x00000000080038cc                HAL_TIM_TriggerCallback
 .text.TIM_Base_SetConfig
                0x00000000080038dc      0x108 ./Drivers/STM32F0xx_HAL_Driver/Src/stm32f0xx_hal_tim.o
                0x00000000080038dc                TIM_Base_SetConfig
 .text.TIM_TI1_ConfigInputStage
                0x00000000080039e4       0x5c ./Drivers/STM32F0xx_HAL_Driver/Src/stm32f0xx_hal_tim.o
 .text.TIM_TI2_ConfigInputStage
                0x0000000008003a40       0x64 ./Drivers/STM32F0xx_HAL_Driver/Src/stm32f0xx_hal_tim.o
 .text.TIM_ITRx_SetConfig
                0x0000000008003aa4       0x32 ./Drivers/STM32F0xx_HAL_Driver/Src/stm32f0xx_hal_tim.o
 *fill*         0x0000000008003ad6        0x2 
 .text.TIM_ETR_SetConfig
                0x0000000008003ad8       0x40 ./Drivers/STM32F0xx_HAL_Driver/Src/stm32f0xx_hal_tim.o
                0x0000000008003ad8                TIM_ETR_SetConfig
 .text.HAL_TIMEx_MasterConfigSynchronization
                0x0000000008003b18       0xb0 ./Drivers/STM32F0xx_HAL_Driver/Src/stm32f0xx_hal_tim_ex.o
                0x0000000008003b18                HAL_TIMEx_MasterConfigSynchronization
 .text.HAL_TIMEx_CommutCallback
                0x0000000008003bc8       0x10 ./Drivers/STM32F0xx_HAL_Driver/Src/stm32f0xx_hal_tim_ex.o
                0x0000000008003bc8                HAL_TIMEx_CommutCallback
 .text.HAL_TIMEx_BreakCallback
                0x0000000008003bd8       0x10 ./Drivers/STM32F0xx_HAL_Driver/Src/stm32f0xx_hal_tim_ex.o
                0x0000000008003bd8                HAL_TIMEx_BreakCallback
 .text.__libc_init_array
                0x0000000008003be8       0x48 d:/stm32cube/stm32cubeide/stm32cubeide/plugins/com.st.stm32cube.ide.mcu.externaltools.gnu-tools-for-stm32.9-2020-q2-update.win32_2.0.0.202105311346/tools/bin/../lib/gcc/arm-none-eabi/9.3.1/../../../../arm-none-eabi/lib/thumb/v6-m/nofp\libc_nano.a(lib_a-init.o)
                0x0000000008003be8                __libc_init_array
 .text.memset   0x0000000008003c30       0x10 d:/stm32cube/stm32cubeide/stm32cubeide/plugins/com.st.stm32cube.ide.mcu.externaltools.gnu-tools-for-stm32.9-2020-q2-update.win32_2.0.0.202105311346/tools/bin/../lib/gcc/arm-none-eabi/9.3.1/../../../../arm-none-eabi/lib/thumb/v6-m/nofp\libc_nano.a(lib_a-memset.o)
                0x0000000008003c30                memset
 *(.glue_7)
 .glue_7        0x0000000008003c40        0x0 linker stubs
 *(.glue_7t)
 .glue_7t       0x0000000008003c40        0x0 linker stubs
 *(.eh_frame)
 .eh_frame      0x0000000008003c40        0x0 d:/stm32cube/stm32cubeide/stm32cubeide/plugins/com.st.stm32cube.ide.mcu.externaltools.gnu-tools-for-stm32.9-2020-q2-update.win32_2.0.0.202105311346/tools/bin/../lib/gcc/arm-none-eabi/9.3.1/thumb/v6-m/nofp/crtbegin.o
 *(.init)
 .init          0x0000000008003c40        0x4 d:/stm32cube/stm32cubeide/stm32cubeide/plugins/com.st.stm32cube.ide.mcu.externaltools.gnu-tools-for-stm32.9-2020-q2-update.win32_2.0.0.202105311346/tools/bin/../lib/gcc/arm-none-eabi/9.3.1/thumb/v6-m/nofp/crti.o
                0x0000000008003c40                _init
 .init          0x0000000008003c44        0x8 d:/stm32cube/stm32cubeide/stm32cubeide/plugins/com.st.stm32cube.ide.mcu.externaltools.gnu-tools-for-stm32.9-2020-q2-update.win32_2.0.0.202105311346/tools/bin/../lib/gcc/arm-none-eabi/9.3.1/thumb/v6-m/nofp/crtn.o
 *(.fini)
 .fini          0x0000000008003c4c        0x4 d:/stm32cube/stm32cubeide/stm32cubeide/plugins/com.st.stm32cube.ide.mcu.externaltools.gnu-tools-for-stm32.9-2020-q2-update.win32_2.0.0.202105311346/tools/bin/../lib/gcc/arm-none-eabi/9.3.1/thumb/v6-m/nofp/crti.o
                0x0000000008003c4c                _fini
 .fini          0x0000000008003c50        0x8 d:/stm32cube/stm32cubeide/stm32cubeide/plugins/com.st.stm32cube.ide.mcu.externaltools.gnu-tools-for-stm32.9-2020-q2-update.win32_2.0.0.202105311346/tools/bin/../lib/gcc/arm-none-eabi/9.3.1/thumb/v6-m/nofp/crtn.o
                0x0000000008003c58                . = ALIGN (0x4)
                0x0000000008003c58                _etext = .

.vfp11_veneer   0x0000000008003c58        0x0
 .vfp11_veneer  0x0000000008003c58        0x0 linker stubs

.v4_bx          0x0000000008003c58        0x0
 .v4_bx         0x0000000008003c58        0x0 linker stubs

.iplt           0x0000000008003c58        0x0
 .iplt          0x0000000008003c58        0x0 d:/stm32cube/stm32cubeide/stm32cubeide/plugins/com.st.stm32cube.ide.mcu.externaltools.gnu-tools-for-stm32.9-2020-q2-update.win32_2.0.0.202105311346/tools/bin/../lib/gcc/arm-none-eabi/9.3.1/thumb/v6-m/nofp/crtbegin.o

.rodata         0x0000000008003c58      0x12c
                0x0000000008003c58                . = ALIGN (0x4)
 *(.rodata)
 .rodata        0x0000000008003c58       0x7d ./Core/Src/fsm_auto.o
 *fill*         0x0000000008003cd5        0x3 
 .rodata        0x0000000008003cd8       0x1d ./Core/Src/fsm_manual.o
 *fill*         0x0000000008003cf5        0x3 
 .rodata        0x0000000008003cf8       0x1d ./Core/Src/fsm_slow.o
 *(.rodata*)
 *fill*         0x0000000008003d15        0x3 
 .rodata.fsm_auto_run
                0x0000000008003d18       0x14 ./Core/Src/fsm_auto.o
 .rodata.display7SEG
                0x0000000008003d2c       0x28 ./Core/Src/led_display.o
 .rodata.AHBPrescTable
                0x0000000008003d54       0x10 ./Core/Src/system_stm32f0xx.o
                0x0000000008003d54                AHBPrescTable
 .rodata.aPLLMULFactorTable.5986
                0x0000000008003d64       0x10 ./Drivers/STM32F0xx_HAL_Driver/Src/stm32f0xx_hal_rcc.o
 .rodata.aPredivFactorTable.5987
                0x0000000008003d74       0x10 ./Drivers/STM32F0xx_HAL_Driver/Src/stm32f0xx_hal_rcc.o
                0x0000000008003d84                . = ALIGN (0x4)

.rel.dyn        0x0000000008003d84        0x0
 .rel.iplt      0x0000000008003d84        0x0 d:/stm32cube/stm32cubeide/stm32cubeide/plugins/com.st.stm32cube.ide.mcu.externaltools.gnu-tools-for-stm32.9-2020-q2-update.win32_2.0.0.202105311346/tools/bin/../lib/gcc/arm-none-eabi/9.3.1/thumb/v6-m/nofp/crtbegin.o

.ARM.extab      0x0000000008003d84        0x0
                0x0000000008003d84                . = ALIGN (0x4)
 *(.ARM.extab* .gnu.linkonce.armextab.*)
                0x0000000008003d84                . = ALIGN (0x4)

.ARM            0x0000000008003d84        0x0
                0x0000000008003d84                . = ALIGN (0x4)
                0x0000000008003d84                __exidx_start = .
 *(.ARM.exidx*)
                0x0000000008003d84                __exidx_end = .
                0x0000000008003d84                . = ALIGN (0x4)

.preinit_array  0x0000000008003d84        0x0
                0x0000000008003d84                . = ALIGN (0x4)
                0x0000000008003d84                PROVIDE (__preinit_array_start = .)
 *(.preinit_array*)
                0x0000000008003d84                PROVIDE (__preinit_array_end = .)
                0x0000000008003d84                . = ALIGN (0x4)

.init_array     0x0000000008003d84        0x4
                0x0000000008003d84                . = ALIGN (0x4)
                0x0000000008003d84                PROVIDE (__init_array_start = .)
 *(SORT_BY_NAME(.init_array.*))
 *(.init_array*)
 .init_array    0x0000000008003d84        0x4 d:/stm32cube/stm32cubeide/stm32cubeide/plugins/com.st.stm32cube.ide.mcu.externaltools.gnu-tools-for-stm32.9-2020-q2-update.win32_2.0.0.202105311346/tools/bin/../lib/gcc/arm-none-eabi/9.3.1/thumb/v6-m/nofp/crtbegin.o
                0x0000000008003d88                PROVIDE (__init_array_end = .)
                0x0000000008003d88                . = ALIGN (0x4)

.fini_array     0x0000000008003d88        0x4
                0x0000000008003d88                . = ALIGN (0x4)
                [!provide]                        PROVIDE (__fini_array_start = .)
 *(SORT_BY_NAME(.fini_array.*))
 *(.fini_array*)
 .fini_array    0x0000000008003d88        0x4 d:/stm32cube/stm32cubeide/stm32cubeide/plugins/com.st.stm32cube.ide.mcu.externaltools.gnu-tools-for-stm32.9-2020-q2-update.win32_2.0.0.202105311346/tools/bin/../lib/gcc/arm-none-eabi/9.3.1/thumb/v6-m/nofp/crtbegin.o
                [!provide]                        PROVIDE (__fini_array_end = .)
                0x0000000008003d8c                . = ALIGN (0x4)
                0x0000000008003d8c                _sidata = LOADADDR (.data)

.data           0x0000000020000000       0x3c load address 0x0000000008003d8c
                0x0000000020000000                . = ALIGN (0x4)
                0x0000000020000000                _sdata = .
 *(.data)
 *(.data*)
 .data.increment
                0x0000000020000000       0x14 ./Core/Src/fsm_setting.o
                0x0000000020000000                increment
 .data.time_red_green
                0x0000000020000014        0x4 ./Core/Src/global.o
                0x0000000020000014                time_red_green
 .data.time_red_yellow
                0x0000000020000018        0x4 ./Core/Src/global.o
                0x0000000020000018                time_red_yellow
 .data.SystemCoreClock
                0x000000002000001c        0x4 ./Core/Src/system_stm32f0xx.o
                0x000000002000001c                SystemCoreClock
 .data.timer_flag
                0x0000000020000020       0x14 ./Core/Src/timer.o
                0x0000000020000020                timer_flag
 .data.uwTickPrio
                0x0000000020000034        0x4 ./Drivers/STM32F0xx_HAL_Driver/Src/stm32f0xx_hal.o
                0x0000000020000034                uwTickPrio
 .data.uwTickFreq
                0x0000000020000038        0x1 ./Drivers/STM32F0xx_HAL_Driver/Src/stm32f0xx_hal.o
                0x0000000020000038                uwTickFreq
 *(.RamFunc)
 *(.RamFunc*)
                0x000000002000003c                . = ALIGN (0x4)
 *fill*         0x0000000020000039        0x3 
                0x000000002000003c                _edata = .

.igot.plt       0x000000002000003c        0x0 load address 0x0000000008003dc8
 .igot.plt      0x000000002000003c        0x0 d:/stm32cube/stm32cubeide/stm32cubeide/plugins/com.st.stm32cube.ide.mcu.externaltools.gnu-tools-for-stm32.9-2020-q2-update.win32_2.0.0.202105311346/tools/bin/../lib/gcc/arm-none-eabi/9.3.1/thumb/v6-m/nofp/crtbegin.o
                0x000000002000003c                . = ALIGN (0x4)

.bss            0x000000002000003c      0x100 load address 0x0000000008003dc8
                0x000000002000003c                _sbss = .
                0x000000002000003c                __bss_start__ = _sbss
 *(.bss)
 .bss           0x000000002000003c       0x1c d:/stm32cube/stm32cubeide/stm32cubeide/plugins/com.st.stm32cube.ide.mcu.externaltools.gnu-tools-for-stm32.9-2020-q2-update.win32_2.0.0.202105311346/tools/bin/../lib/gcc/arm-none-eabi/9.3.1/thumb/v6-m/nofp/crtbegin.o
 *(.bss*)
 .bss.buttonFlag
                0x0000000020000058        0xc ./Core/Src/button.o
                0x0000000020000058                buttonFlag
 .bss.i         0x0000000020000064        0x4 ./Core/Src/fsm_setting.o
                0x0000000020000064                i
 .bss.status    0x0000000020000068        0x4 ./Core/Src/global.o
                0x0000000020000068                status
 .bss.count0    0x000000002000006c        0x4 ./Core/Src/global.o
                0x000000002000006c                count0
 .bss.count1    0x0000000020000070        0x4 ./Core/Src/global.o
                0x0000000020000070                count1
 .bss.led_buffer
                0x0000000020000074       0x10 ./Core/Src/led_display.o
                0x0000000020000074                led_buffer
 .bss.led_index
                0x0000000020000084        0x4 ./Core/Src/led_display.o
                0x0000000020000084                led_index
 .bss.counter   0x0000000020000088       0x14 ./Core/Src/timer.o
                0x0000000020000088                counter
 *(COMMON)
 COMMON         0x000000002000009c       0x9c ./Core/Src/main.o
                0x000000002000009c                hi2c1
                0x00000000200000f0                htim2
 COMMON         0x0000000020000138        0x4 ./Drivers/STM32F0xx_HAL_Driver/Src/stm32f0xx_hal.o
                0x0000000020000138                uwTick
                0x000000002000013c                . = ALIGN (0x4)
                0x000000002000013c                _ebss = .
                0x000000002000013c                __bss_end__ = _ebss

._user_heap_stack
                0x000000002000013c      0x604 load address 0x0000000008003dc8
                0x0000000020000140                . = ALIGN (0x8)
 *fill*         0x000000002000013c        0x4 
                [!provide]                        PROVIDE (end = .)
                0x0000000020000140                PROVIDE (_end = .)
                0x0000000020000340                . = (. + _Min_Heap_Size)
 *fill*         0x0000000020000140      0x200 
                0x0000000020000740                . = (. + _Min_Stack_Size)
 *fill*         0x0000000020000340      0x400 
                0x0000000020000740                . = ALIGN (0x8)

/DISCARD/
 libc.a(*)
 libm.a(*)
 libgcc.a(*)

.ARM.attributes
                0x0000000000000000       0x28
 *(.ARM.attributes)
 .ARM.attributes
                0x0000000000000000       0x1e d:/stm32cube/stm32cubeide/stm32cubeide/plugins/com.st.stm32cube.ide.mcu.externaltools.gnu-tools-for-stm32.9-2020-q2-update.win32_2.0.0.202105311346/tools/bin/../lib/gcc/arm-none-eabi/9.3.1/thumb/v6-m/nofp/crti.o
 .ARM.attributes
                0x000000000000001e       0x2c d:/stm32cube/stm32cubeide/stm32cubeide/plugins/com.st.stm32cube.ide.mcu.externaltools.gnu-tools-for-stm32.9-2020-q2-update.win32_2.0.0.202105311346/tools/bin/../lib/gcc/arm-none-eabi/9.3.1/thumb/v6-m/nofp/crtbegin.o
 .ARM.attributes
                0x000000000000004a       0x2c ./Core/Src/button.o
 .ARM.attributes
                0x0000000000000076       0x2c ./Core/Src/fsm_auto.o
 .ARM.attributes
                0x00000000000000a2       0x2c ./Core/Src/fsm_manual.o
 .ARM.attributes
                0x00000000000000ce       0x2c ./Core/Src/fsm_setting.o
 .ARM.attributes
                0x00000000000000fa       0x2c ./Core/Src/fsm_slow.o
 .ARM.attributes
                0x0000000000000126       0x31 ./Core/Src/global.o
 .ARM.attributes
                0x0000000000000157       0x2c ./Core/Src/i2c-lcd.o
 .ARM.attributes
                0x0000000000000183       0x2c ./Core/Src/led_display.o
 .ARM.attributes
                0x00000000000001af       0x2c ./Core/Src/main.o
 .ARM.attributes
                0x00000000000001db       0x2c ./Core/Src/stm32f0xx_hal_msp.o
 .ARM.attributes
                0x0000000000000207       0x2c ./Core/Src/stm32f0xx_it.o
 .ARM.attributes
                0x0000000000000233       0x2c ./Core/Src/system_stm32f0xx.o
 .ARM.attributes
                0x000000000000025f       0x2c ./Core/Src/timer.o
 .ARM.attributes
                0x000000000000028b       0x21 ./Core/Startup/startup_stm32f031k6tx.o
 .ARM.attributes
                0x00000000000002ac       0x2c ./Drivers/STM32F0xx_HAL_Driver/Src/stm32f0xx_hal.o
 .ARM.attributes
                0x00000000000002d8       0x2c ./Drivers/STM32F0xx_HAL_Driver/Src/stm32f0xx_hal_cortex.o
 .ARM.attributes
                0x0000000000000304       0x2c ./Drivers/STM32F0xx_HAL_Driver/Src/stm32f0xx_hal_gpio.o
 .ARM.attributes
                0x0000000000000330       0x2c ./Drivers/STM32F0xx_HAL_Driver/Src/stm32f0xx_hal_i2c.o
 .ARM.attributes
                0x000000000000035c       0x2c ./Drivers/STM32F0xx_HAL_Driver/Src/stm32f0xx_hal_i2c_ex.o
 .ARM.attributes
                0x0000000000000388       0x2c ./Drivers/STM32F0xx_HAL_Driver/Src/stm32f0xx_hal_rcc.o
 .ARM.attributes
                0x00000000000003b4       0x2c ./Drivers/STM32F0xx_HAL_Driver/Src/stm32f0xx_hal_rcc_ex.o
 .ARM.attributes
                0x00000000000003e0       0x2c ./Drivers/STM32F0xx_HAL_Driver/Src/stm32f0xx_hal_tim.o
 .ARM.attributes
                0x000000000000040c       0x2c ./Drivers/STM32F0xx_HAL_Driver/Src/stm32f0xx_hal_tim_ex.o
 .ARM.attributes
                0x0000000000000438       0x2c d:/stm32cube/stm32cubeide/stm32cubeide/plugins/com.st.stm32cube.ide.mcu.externaltools.gnu-tools-for-stm32.9-2020-q2-update.win32_2.0.0.202105311346/tools/bin/../lib/gcc/arm-none-eabi/9.3.1/../../../../arm-none-eabi/lib/thumb/v6-m/nofp\libc_nano.a(lib_a-init.o)
 .ARM.attributes
                0x0000000000000464       0x2c d:/stm32cube/stm32cubeide/stm32cubeide/plugins/com.st.stm32cube.ide.mcu.externaltools.gnu-tools-for-stm32.9-2020-q2-update.win32_2.0.0.202105311346/tools/bin/../lib/gcc/arm-none-eabi/9.3.1/../../../../arm-none-eabi/lib/thumb/v6-m/nofp\libc_nano.a(lib_a-memset.o)
 .ARM.attributes
                0x0000000000000490       0x1e d:/stm32cube/stm32cubeide/stm32cubeide/plugins/com.st.stm32cube.ide.mcu.externaltools.gnu-tools-for-stm32.9-2020-q2-update.win32_2.0.0.202105311346/tools/bin/../lib/gcc/arm-none-eabi/9.3.1/thumb/v6-m/nofp\libgcc.a(_udivsi3.o)
 .ARM.attributes
                0x00000000000004ae       0x1e d:/stm32cube/stm32cubeide/stm32cubeide/plugins/com.st.stm32cube.ide.mcu.externaltools.gnu-tools-for-stm32.9-2020-q2-update.win32_2.0.0.202105311346/tools/bin/../lib/gcc/arm-none-eabi/9.3.1/thumb/v6-m/nofp\libgcc.a(_divsi3.o)
 .ARM.attributes
                0x00000000000004cc       0x1e d:/stm32cube/stm32cubeide/stm32cubeide/plugins/com.st.stm32cube.ide.mcu.externaltools.gnu-tools-for-stm32.9-2020-q2-update.win32_2.0.0.202105311346/tools/bin/../lib/gcc/arm-none-eabi/9.3.1/thumb/v6-m/nofp\libgcc.a(_dvmd_tls.o)
 .ARM.attributes
                0x00000000000004ea       0x1e d:/stm32cube/stm32cubeide/stm32cubeide/plugins/com.st.stm32cube.ide.mcu.externaltools.gnu-tools-for-stm32.9-2020-q2-update.win32_2.0.0.202105311346/tools/bin/../lib/gcc/arm-none-eabi/9.3.1/thumb/v6-m/nofp/crtn.o
OUTPUT(TRAFFIC_LED.elf elf32-littlearm)
LOAD linker stubs
LOAD d:/stm32cube/stm32cubeide/stm32cubeide/plugins/com.st.stm32cube.ide.mcu.externaltools.gnu-tools-for-stm32.9-2020-q2-update.win32_2.0.0.202105311346/tools/bin/../lib/gcc/arm-none-eabi/9.3.1/../../../../arm-none-eabi/lib/thumb/v6-m/nofp\libc.a
LOAD d:/stm32cube/stm32cubeide/stm32cubeide/plugins/com.st.stm32cube.ide.mcu.externaltools.gnu-tools-for-stm32.9-2020-q2-update.win32_2.0.0.202105311346/tools/bin/../lib/gcc/arm-none-eabi/9.3.1/../../../../arm-none-eabi/lib/thumb/v6-m/nofp\libm.a
LOAD d:/stm32cube/stm32cubeide/stm32cubeide/plugins/com.st.stm32cube.ide.mcu.externaltools.gnu-tools-for-stm32.9-2020-q2-update.win32_2.0.0.202105311346/tools/bin/../lib/gcc/arm-none-eabi/9.3.1/thumb/v6-m/nofp\libgcc.a

.debug_info     0x0000000000000000     0xdc68
 .debug_info    0x0000000000000000      0x31a ./Core/Src/button.o
 .debug_info    0x000000000000031a      0x2ff ./Core/Src/fsm_auto.o
 .debug_info    0x0000000000000619      0x2ff ./Core/Src/fsm_manual.o
 .debug_info    0x0000000000000918      0x321 ./Core/Src/fsm_setting.o
 .debug_info    0x0000000000000c39      0x2e4 ./Core/Src/fsm_slow.o
 .debug_info    0x0000000000000f1d      0x24b ./Core/Src/global.o
 .debug_info    0x0000000000001168      0x813 ./Core/Src/i2c-lcd.o
 .debug_info    0x000000000000197b      0x30e ./Core/Src/led_display.o
 .debug_info    0x0000000000001c89     0x100f ./Core/Src/main.o
 .debug_info    0x0000000000002c98      0xdd9 ./Core/Src/stm32f0xx_hal_msp.o
 .debug_info    0x0000000000003a71      0x740 ./Core/Src/stm32f0xx_it.o
 .debug_info    0x00000000000041b1      0x2c3 ./Core/Src/system_stm32f0xx.o
 .debug_info    0x0000000000004474      0x823 ./Core/Src/timer.o
 .debug_info    0x0000000000004c97       0x22 ./Core/Startup/startup_stm32f031k6tx.o
 .debug_info    0x0000000000004cb9      0x6ca ./Drivers/STM32F0xx_HAL_Driver/Src/stm32f0xx_hal.o
 .debug_info    0x0000000000005383      0x7ac ./Drivers/STM32F0xx_HAL_Driver/Src/stm32f0xx_hal_cortex.o
 .debug_info    0x0000000000005b2f      0x6d3 ./Drivers/STM32F0xx_HAL_Driver/Src/stm32f0xx_hal_gpio.o
 .debug_info    0x0000000000006202     0x2336 ./Drivers/STM32F0xx_HAL_Driver/Src/stm32f0xx_hal_i2c.o
 .debug_info    0x0000000000008538      0x94f ./Drivers/STM32F0xx_HAL_Driver/Src/stm32f0xx_hal_i2c_ex.o
 .debug_info    0x0000000000008e87      0x891 ./Drivers/STM32F0xx_HAL_Driver/Src/stm32f0xx_hal_rcc.o
 .debug_info    0x0000000000009718      0x401 ./Drivers/STM32F0xx_HAL_Driver/Src/stm32f0xx_hal_rcc_ex.o
 .debug_info    0x0000000000009b19     0x2c01 ./Drivers/STM32F0xx_HAL_Driver/Src/stm32f0xx_hal_tim.o
 .debug_info    0x000000000000c71a     0x154e ./Drivers/STM32F0xx_HAL_Driver/Src/stm32f0xx_hal_tim_ex.o

.debug_abbrev   0x0000000000000000     0x2565
 .debug_abbrev  0x0000000000000000      0x125 ./Core/Src/button.o
 .debug_abbrev  0x0000000000000125       0xf0 ./Core/Src/fsm_auto.o
 .debug_abbrev  0x0000000000000215       0xf0 ./Core/Src/fsm_manual.o
 .debug_abbrev  0x0000000000000305      0x116 ./Core/Src/fsm_setting.o
 .debug_abbrev  0x000000000000041b       0xe7 ./Core/Src/fsm_slow.o
 .debug_abbrev  0x0000000000000502       0xa9 ./Core/Src/global.o
 .debug_abbrev  0x00000000000005ab      0x1ce ./Core/Src/i2c-lcd.o
 .debug_abbrev  0x0000000000000779      0x13d ./Core/Src/led_display.o
 .debug_abbrev  0x00000000000008b6      0x269 ./Core/Src/main.o
 .debug_abbrev  0x0000000000000b1f      0x1d3 ./Core/Src/stm32f0xx_hal_msp.o
 .debug_abbrev  0x0000000000000cf2      0x187 ./Core/Src/stm32f0xx_it.o
 .debug_abbrev  0x0000000000000e79      0x145 ./Core/Src/system_stm32f0xx.o
 .debug_abbrev  0x0000000000000fbe      0x1dd ./Core/Src/timer.o
 .debug_abbrev  0x000000000000119b       0x12 ./Core/Startup/startup_stm32f031k6tx.o
 .debug_abbrev  0x00000000000011ad      0x21e ./Drivers/STM32F0xx_HAL_Driver/Src/stm32f0xx_hal.o
 .debug_abbrev  0x00000000000013cb      0x2a9 ./Drivers/STM32F0xx_HAL_Driver/Src/stm32f0xx_hal_cortex.o
 .debug_abbrev  0x0000000000001674      0x1e8 ./Drivers/STM32F0xx_HAL_Driver/Src/stm32f0xx_hal_gpio.o
 .debug_abbrev  0x000000000000185c      0x267 ./Drivers/STM32F0xx_HAL_Driver/Src/stm32f0xx_hal_i2c.o
 .debug_abbrev  0x0000000000001ac3      0x1ee ./Drivers/STM32F0xx_HAL_Driver/Src/stm32f0xx_hal_i2c_ex.o
 .debug_abbrev  0x0000000000001cb1      0x23b ./Drivers/STM32F0xx_HAL_Driver/Src/stm32f0xx_hal_rcc.o
 .debug_abbrev  0x0000000000001eec      0x193 ./Drivers/STM32F0xx_HAL_Driver/Src/stm32f0xx_hal_rcc_ex.o
 .debug_abbrev  0x000000000000207f      0x26f ./Drivers/STM32F0xx_HAL_Driver/Src/stm32f0xx_hal_tim.o
 .debug_abbrev  0x00000000000022ee      0x277 ./Drivers/STM32F0xx_HAL_Driver/Src/stm32f0xx_hal_tim_ex.o

.debug_aranges  0x0000000000000000      0xd50
 .debug_aranges
                0x0000000000000000       0x28 ./Core/Src/button.o
 .debug_aranges
                0x0000000000000028       0x20 ./Core/Src/fsm_auto.o
 .debug_aranges
                0x0000000000000048       0x20 ./Core/Src/fsm_manual.o
 .debug_aranges
                0x0000000000000068       0x20 ./Core/Src/fsm_setting.o
 .debug_aranges
                0x0000000000000088       0x20 ./Core/Src/fsm_slow.o
 .debug_aranges
                0x00000000000000a8       0x18 ./Core/Src/global.o
 .debug_aranges
                0x00000000000000c0       0x48 ./Core/Src/i2c-lcd.o
 .debug_aranges
                0x0000000000000108       0x40 ./Core/Src/led_display.o
 .debug_aranges
                0x0000000000000148       0x48 ./Core/Src/main.o
 .debug_aranges
                0x0000000000000190       0x40 ./Core/Src/stm32f0xx_hal_msp.o
 .debug_aranges
                0x00000000000001d0       0x48 ./Core/Src/stm32f0xx_it.o
 .debug_aranges
                0x0000000000000218       0x28 ./Core/Src/system_stm32f0xx.o
 .debug_aranges
                0x0000000000000240       0x30 ./Core/Src/timer.o
 .debug_aranges
                0x0000000000000270       0x28 ./Core/Startup/startup_stm32f031k6tx.o
 .debug_aranges
                0x0000000000000298       0xd0 ./Drivers/STM32F0xx_HAL_Driver/Src/stm32f0xx_hal.o
 .debug_aranges
                0x0000000000000368       0xc0 ./Drivers/STM32F0xx_HAL_Driver/Src/stm32f0xx_hal_cortex.o
 .debug_aranges
                0x0000000000000428       0x58 ./Drivers/STM32F0xx_HAL_Driver/Src/stm32f0xx_hal_gpio.o
 .debug_aranges
                0x0000000000000480      0x2a0 ./Drivers/STM32F0xx_HAL_Driver/Src/stm32f0xx_hal_i2c.o
 .debug_aranges
                0x0000000000000720       0x48 ./Drivers/STM32F0xx_HAL_Driver/Src/stm32f0xx_hal_i2c_ex.o
 .debug_aranges
                0x0000000000000768       0x80 ./Drivers/STM32F0xx_HAL_Driver/Src/stm32f0xx_hal_rcc.o
 .debug_aranges
                0x00000000000007e8       0x30 ./Drivers/STM32F0xx_HAL_Driver/Src/stm32f0xx_hal_rcc_ex.o
 .debug_aranges
                0x0000000000000818      0x3d0 ./Drivers/STM32F0xx_HAL_Driver/Src/stm32f0xx_hal_tim.o
 .debug_aranges
                0x0000000000000be8      0x168 ./Drivers/STM32F0xx_HAL_Driver/Src/stm32f0xx_hal_tim_ex.o

.debug_ranges   0x0000000000000000      0xbe0
 .debug_ranges  0x0000000000000000       0x18 ./Core/Src/button.o
 .debug_ranges  0x0000000000000018       0x10 ./Core/Src/fsm_auto.o
 .debug_ranges  0x0000000000000028       0x10 ./Core/Src/fsm_manual.o
 .debug_ranges  0x0000000000000038       0x10 ./Core/Src/fsm_setting.o
 .debug_ranges  0x0000000000000048       0x10 ./Core/Src/fsm_slow.o
 .debug_ranges  0x0000000000000058       0x38 ./Core/Src/i2c-lcd.o
 .debug_ranges  0x0000000000000090       0x30 ./Core/Src/led_display.o
 .debug_ranges  0x00000000000000c0       0x38 ./Core/Src/main.o
 .debug_ranges  0x00000000000000f8       0x30 ./Core/Src/stm32f0xx_hal_msp.o
 .debug_ranges  0x0000000000000128       0x38 ./Core/Src/stm32f0xx_it.o
 .debug_ranges  0x0000000000000160       0x18 ./Core/Src/system_stm32f0xx.o
 .debug_ranges  0x0000000000000178       0x20 ./Core/Src/timer.o
 .debug_ranges  0x0000000000000198       0x20 ./Core/Startup/startup_stm32f031k6tx.o
 .debug_ranges  0x00000000000001b8       0xc0 ./Drivers/STM32F0xx_HAL_Driver/Src/stm32f0xx_hal.o
 .debug_ranges  0x0000000000000278       0xb0 ./Drivers/STM32F0xx_HAL_Driver/Src/stm32f0xx_hal_cortex.o
 .debug_ranges  0x0000000000000328       0x48 ./Drivers/STM32F0xx_HAL_Driver/Src/stm32f0xx_hal_gpio.o
 .debug_ranges  0x0000000000000370      0x290 ./Drivers/STM32F0xx_HAL_Driver/Src/stm32f0xx_hal_i2c.o
 .debug_ranges  0x0000000000000600       0x38 ./Drivers/STM32F0xx_HAL_Driver/Src/stm32f0xx_hal_i2c_ex.o
 .debug_ranges  0x0000000000000638       0x70 ./Drivers/STM32F0xx_HAL_Driver/Src/stm32f0xx_hal_rcc.o
 .debug_ranges  0x00000000000006a8       0x20 ./Drivers/STM32F0xx_HAL_Driver/Src/stm32f0xx_hal_rcc_ex.o
 .debug_ranges  0x00000000000006c8      0x3c0 ./Drivers/STM32F0xx_HAL_Driver/Src/stm32f0xx_hal_tim.o
 .debug_ranges  0x0000000000000a88      0x158 ./Drivers/STM32F0xx_HAL_Driver/Src/stm32f0xx_hal_tim_ex.o

.debug_macro    0x0000000000000000    0x10cf7
 .debug_macro   0x0000000000000000      0x201 ./Core/Src/button.o
 .debug_macro   0x0000000000000201      0xa7e ./Core/Src/button.o
 .debug_macro   0x0000000000000c7f      0x12d ./Core/Src/button.o
 .debug_macro   0x0000000000000dac       0x2e ./Core/Src/button.o
 .debug_macro   0x0000000000000dda       0x22 ./Core/Src/button.o
 .debug_macro   0x0000000000000dfc       0x22 ./Core/Src/button.o
 .debug_macro   0x0000000000000e1e       0x8e ./Core/Src/button.o
 .debug_macro   0x0000000000000eac       0x51 ./Core/Src/button.o
 .debug_macro   0x0000000000000efd      0x103 ./Core/Src/button.o
 .debug_macro   0x0000000000001000       0x6a ./Core/Src/button.o
 .debug_macro   0x000000000000106a      0x1df ./Core/Src/button.o
 .debug_macro   0x0000000000001249       0x1c ./Core/Src/button.o
 .debug_macro   0x0000000000001265       0x22 ./Core/Src/button.o
 .debug_macro   0x0000000000001287       0xb5 ./Core/Src/button.o
 .debug_macro   0x000000000000133c      0x391 ./Core/Src/button.o
 .debug_macro   0x00000000000016cd     0x754b ./Core/Src/button.o
 .debug_macro   0x0000000000008c18       0x66 ./Core/Src/button.o
 .debug_macro   0x0000000000008c7e     0x34da ./Core/Src/button.o
 .debug_macro   0x000000000000c158      0x174 ./Core/Src/button.o
 .debug_macro   0x000000000000c2cc       0x55 ./Core/Src/button.o
 .debug_macro   0x000000000000c321      0x924 ./Core/Src/button.o
 .debug_macro   0x000000000000cc45       0xe5 ./Core/Src/button.o
 .debug_macro   0x000000000000cd2a      0x1ae ./Core/Src/button.o
 .debug_macro   0x000000000000ced8       0xce ./Core/Src/button.o
 .debug_macro   0x000000000000cfa6      0x199 ./Core/Src/button.o
 .debug_macro   0x000000000000d13f      0x1ed ./Core/Src/button.o
 .debug_macro   0x000000000000d32c       0x34 ./Core/Src/button.o
 .debug_macro   0x000000000000d360       0x43 ./Core/Src/button.o
 .debug_macro   0x000000000000d3a3       0x28 ./Core/Src/button.o
 .debug_macro   0x000000000000d3cb       0xb0 ./Core/Src/button.o
 .debug_macro   0x000000000000d47b      0x15a ./Core/Src/button.o
 .debug_macro   0x000000000000d5d5      0x22c ./Core/Src/button.o
 .debug_macro   0x000000000000d801       0x61 ./Core/Src/button.o
 .debug_macro   0x000000000000d862       0xa5 ./Core/Src/button.o
 .debug_macro   0x000000000000d907       0x4c ./Core/Src/button.o
 .debug_macro   0x000000000000d953      0x112 ./Core/Src/button.o
 .debug_macro   0x000000000000da65      0x8f4 ./Core/Src/button.o
 .debug_macro   0x000000000000e359       0x28 ./Core/Src/button.o
 .debug_macro   0x000000000000e381      0x106 ./Core/Src/button.o
 .debug_macro   0x000000000000e487      0x10c ./Core/Src/button.o
 .debug_macro   0x000000000000e593       0x40 ./Core/Src/button.o
 .debug_macro   0x000000000000e5d3       0x10 ./Core/Src/button.o
 .debug_macro   0x000000000000e5e3      0x201 ./Core/Src/fsm_auto.o
 .debug_macro   0x000000000000e7e4       0x16 ./Core/Src/fsm_auto.o
 .debug_macro   0x000000000000e7fa      0x201 ./Core/Src/fsm_manual.o
 .debug_macro   0x000000000000e9fb      0x201 ./Core/Src/fsm_setting.o
 .debug_macro   0x000000000000ebfc      0x201 ./Core/Src/fsm_slow.o
 .debug_macro   0x000000000000edfd      0x1f7 ./Core/Src/global.o
 .debug_macro   0x000000000000eff4      0x1be ./Core/Src/i2c-lcd.o
 .debug_macro   0x000000000000f1b2      0x1c7 ./Core/Src/led_display.o
 .debug_macro   0x000000000000f379      0x223 ./Core/Src/main.o
 .debug_macro   0x000000000000f59c      0x1bd ./Core/Src/stm32f0xx_hal_msp.o
 .debug_macro   0x000000000000f759      0x1c7 ./Core/Src/stm32f0xx_it.o
 .debug_macro   0x000000000000f920      0x1ae ./Core/Src/system_stm32f0xx.o
 .debug_macro   0x000000000000face      0x201 ./Core/Src/timer.o
 .debug_macro   0x000000000000fccf      0x1d2 ./Drivers/STM32F0xx_HAL_Driver/Src/stm32f0xx_hal.o
 .debug_macro   0x000000000000fea1      0x1ae ./Drivers/STM32F0xx_HAL_Driver/Src/stm32f0xx_hal_cortex.o
 .debug_macro   0x000000000001004f      0x1b5 ./Drivers/STM32F0xx_HAL_Driver/Src/stm32f0xx_hal_gpio.o
 .debug_macro   0x0000000000010204      0x27a ./Drivers/STM32F0xx_HAL_Driver/Src/stm32f0xx_hal_i2c.o
 .debug_macro   0x000000000001047e      0x1ae ./Drivers/STM32F0xx_HAL_Driver/Src/stm32f0xx_hal_i2c_ex.o
 .debug_macro   0x000000000001062c      0x1c0 ./Drivers/STM32F0xx_HAL_Driver/Src/stm32f0xx_hal_rcc.o
 .debug_macro   0x00000000000107ec      0x1ae ./Drivers/STM32F0xx_HAL_Driver/Src/stm32f0xx_hal_rcc_ex.o
 .debug_macro   0x000000000001099a      0x1af ./Drivers/STM32F0xx_HAL_Driver/Src/stm32f0xx_hal_tim.o
 .debug_macro   0x0000000000010b49      0x1ae ./Drivers/STM32F0xx_HAL_Driver/Src/stm32f0xx_hal_tim_ex.o

.debug_line     0x0000000000000000    0x1257e
 .debug_line    0x0000000000000000      0x756 ./Core/Src/button.o
 .debug_line    0x0000000000000756      0x824 ./Core/Src/fsm_auto.o
 .debug_line    0x0000000000000f7a      0x77d ./Core/Src/fsm_manual.o
 .debug_line    0x00000000000016f7      0x7ab ./Core/Src/fsm_setting.o
 .debug_line    0x0000000000001ea2      0x72a ./Core/Src/fsm_slow.o
 .debug_line    0x00000000000025cc      0x6d1 ./Core/Src/global.o
 .debug_line    0x0000000000002c9d      0x779 ./Core/Src/i2c-lcd.o
 .debug_line    0x0000000000003416      0x7ba ./Core/Src/led_display.o
 .debug_line    0x0000000000003bd0      0x8ac ./Core/Src/main.o
 .debug_line    0x000000000000447c      0x73d ./Core/Src/stm32f0xx_hal_msp.o
 .debug_line    0x0000000000004bb9      0x730 ./Core/Src/stm32f0xx_it.o
 .debug_line    0x00000000000052e9      0x723 ./Core/Src/system_stm32f0xx.o
 .debug_line    0x0000000000005a0c      0x740 ./Core/Src/timer.o
 .debug_line    0x000000000000614c       0x89 ./Core/Startup/startup_stm32f031k6tx.o
 .debug_line    0x00000000000061d5      0x92e ./Drivers/STM32F0xx_HAL_Driver/Src/stm32f0xx_hal.o
 .debug_line    0x0000000000006b03      0x9da ./Drivers/STM32F0xx_HAL_Driver/Src/stm32f0xx_hal_cortex.o
 .debug_line    0x00000000000074dd      0xa96 ./Drivers/STM32F0xx_HAL_Driver/Src/stm32f0xx_hal_gpio.o
 .debug_line    0x0000000000007f73     0x3935 ./Drivers/STM32F0xx_HAL_Driver/Src/stm32f0xx_hal_i2c.o
 .debug_line    0x000000000000b8a8      0x8d1 ./Drivers/STM32F0xx_HAL_Driver/Src/stm32f0xx_hal_i2c_ex.o
 .debug_line    0x000000000000c179      0xd16 ./Drivers/STM32F0xx_HAL_Driver/Src/stm32f0xx_hal_rcc.o
 .debug_line    0x000000000000ce8f      0x88d ./Drivers/STM32F0xx_HAL_Driver/Src/stm32f0xx_hal_rcc_ex.o
 .debug_line    0x000000000000d71c     0x35d1 ./Drivers/STM32F0xx_HAL_Driver/Src/stm32f0xx_hal_tim.o
 .debug_line    0x0000000000010ced     0x1891 ./Drivers/STM32F0xx_HAL_Driver/Src/stm32f0xx_hal_tim_ex.o

.debug_str      0x0000000000000000    0x604f0
 .debug_str     0x0000000000000000    0x5cb2e ./Core/Src/button.o
                                      0x5cddc (size before relaxing)
 .debug_str     0x000000000005cb2e       0x35 ./Core/Src/fsm_auto.o
                                      0x5cde8 (size before relaxing)
 .debug_str     0x000000000005cb63       0x37 ./Core/Src/fsm_manual.o
                                      0x5cdea (size before relaxing)
 .debug_str     0x000000000005cb9a       0x44 ./Core/Src/fsm_setting.o
                                      0x5cdf7 (size before relaxing)
 .debug_str     0x000000000005cbde       0x35 ./Core/Src/fsm_slow.o
                                      0x5cde2 (size before relaxing)
 .debug_str     0x000000000005cc13       0x15 ./Core/Src/global.o
                                      0x5cd7c (size before relaxing)
 .debug_str     0x000000000005cc28      0x4ad ./Core/Src/i2c-lcd.o
                                      0x5cddc (size before relaxing)
 .debug_str     0x000000000005d0d5       0x65 ./Core/Src/led_display.o
                                      0x5ccc6 (size before relaxing)
 .debug_str     0x000000000005d13a      0x5af ./Core/Src/main.o
                                      0x5d8c8 (size before relaxing)
 .debug_str     0x000000000005d6e9      0x186 ./Core/Src/stm32f0xx_hal_msp.o
                                      0x5d620 (size before relaxing)
 .debug_str     0x000000000005d86f       0x86 ./Core/Src/stm32f0xx_it.o
                                      0x5d12c (size before relaxing)
 .debug_str     0x000000000005d8f5       0x5f ./Core/Src/system_stm32f0xx.o
                                      0x5c925 (size before relaxing)
 .debug_str     0x000000000005d954       0x59 ./Core/Src/timer.o
                                      0x5d274 (size before relaxing)
 .debug_str     0x000000000005d9ad       0x36 ./Core/Startup/startup_stm32f031k6tx.o
                                         0x5c (size before relaxing)
 .debug_str     0x000000000005d9e3      0x305 ./Drivers/STM32F0xx_HAL_Driver/Src/stm32f0xx_hal.o
                                      0x5ce12 (size before relaxing)
 .debug_str     0x000000000005dce8      0x204 ./Drivers/STM32F0xx_HAL_Driver/Src/stm32f0xx_hal_cortex.o
                                      0x5ccc6 (size before relaxing)
 .debug_str     0x000000000005deec      0x156 ./Drivers/STM32F0xx_HAL_Driver/Src/stm32f0xx_hal_gpio.o
                                      0x5cb04 (size before relaxing)
 .debug_str     0x000000000005e042      0xe51 ./Drivers/STM32F0xx_HAL_Driver/Src/stm32f0xx_hal_i2c.o
                                      0x5dc70 (size before relaxing)
 .debug_str     0x000000000005ee93       0xb8 ./Drivers/STM32F0xx_HAL_Driver/Src/stm32f0xx_hal_i2c_ex.o
                                      0x5ceaf (size before relaxing)
 .debug_str     0x000000000005ef4b      0x235 ./Drivers/STM32F0xx_HAL_Driver/Src/stm32f0xx_hal_rcc.o
                                      0x5cd2f (size before relaxing)
 .debug_str     0x000000000005f180       0xb1 ./Drivers/STM32F0xx_HAL_Driver/Src/stm32f0xx_hal_rcc_ex.o
                                      0x5ca61 (size before relaxing)
 .debug_str     0x000000000005f231      0xdd1 ./Drivers/STM32F0xx_HAL_Driver/Src/stm32f0xx_hal_tim.o
                                      0x5dcf0 (size before relaxing)
 .debug_str     0x0000000000060002      0x4ee ./Drivers/STM32F0xx_HAL_Driver/Src/stm32f0xx_hal_tim_ex.o
                                      0x5d491 (size before relaxing)

.comment        0x0000000000000000       0x53
 .comment       0x0000000000000000       0x53 ./Core/Src/button.o
                                         0x54 (size before relaxing)
 .comment       0x0000000000000053       0x54 ./Core/Src/fsm_auto.o
 .comment       0x0000000000000053       0x54 ./Core/Src/fsm_manual.o
 .comment       0x0000000000000053       0x54 ./Core/Src/fsm_setting.o
 .comment       0x0000000000000053       0x54 ./Core/Src/fsm_slow.o
 .comment       0x0000000000000053       0x54 ./Core/Src/global.o
 .comment       0x0000000000000053       0x54 ./Core/Src/i2c-lcd.o
 .comment       0x0000000000000053       0x54 ./Core/Src/led_display.o
 .comment       0x0000000000000053       0x54 ./Core/Src/main.o
 .comment       0x0000000000000053       0x54 ./Core/Src/stm32f0xx_hal_msp.o
 .comment       0x0000000000000053       0x54 ./Core/Src/stm32f0xx_it.o
 .comment       0x0000000000000053       0x54 ./Core/Src/system_stm32f0xx.o
 .comment       0x0000000000000053       0x54 ./Core/Src/timer.o
 .comment       0x0000000000000053       0x54 ./Drivers/STM32F0xx_HAL_Driver/Src/stm32f0xx_hal.o
 .comment       0x0000000000000053       0x54 ./Drivers/STM32F0xx_HAL_Driver/Src/stm32f0xx_hal_cortex.o
 .comment       0x0000000000000053       0x54 ./Drivers/STM32F0xx_HAL_Driver/Src/stm32f0xx_hal_gpio.o
 .comment       0x0000000000000053       0x54 ./Drivers/STM32F0xx_HAL_Driver/Src/stm32f0xx_hal_i2c.o
 .comment       0x0000000000000053       0x54 ./Drivers/STM32F0xx_HAL_Driver/Src/stm32f0xx_hal_i2c_ex.o
 .comment       0x0000000000000053       0x54 ./Drivers/STM32F0xx_HAL_Driver/Src/stm32f0xx_hal_rcc.o
 .comment       0x0000000000000053       0x54 ./Drivers/STM32F0xx_HAL_Driver/Src/stm32f0xx_hal_rcc_ex.o
 .comment       0x0000000000000053       0x54 ./Drivers/STM32F0xx_HAL_Driver/Src/stm32f0xx_hal_tim.o
 .comment       0x0000000000000053       0x54 ./Drivers/STM32F0xx_HAL_Driver/Src/stm32f0xx_hal_tim_ex.o

.debug_frame    0x0000000000000000     0x2dd4
 .debug_frame   0x0000000000000000       0x4c ./Core/Src/button.o
 .debug_frame   0x000000000000004c       0x2c ./Core/Src/fsm_auto.o
 .debug_frame   0x0000000000000078       0x2c ./Core/Src/fsm_manual.o
 .debug_frame   0x00000000000000a4       0x30 ./Core/Src/fsm_setting.o
 .debug_frame   0x00000000000000d4       0x2c ./Core/Src/fsm_slow.o
 .debug_frame   0x0000000000000100       0xc8 ./Core/Src/i2c-lcd.o
 .debug_frame   0x00000000000001c8       0xa4 ./Core/Src/led_display.o
 .debug_frame   0x000000000000026c       0xc4 ./Core/Src/main.o
 .debug_frame   0x0000000000000330       0xb0 ./Core/Src/stm32f0xx_hal_msp.o
 .debug_frame   0x00000000000003e0       0xb8 ./Core/Src/stm32f0xx_it.o
 .debug_frame   0x0000000000000498       0x4c ./Core/Src/system_stm32f0xx.o
 .debug_frame   0x00000000000004e4       0x70 ./Core/Src/timer.o
 .debug_frame   0x0000000000000554      0x2a4 ./Drivers/STM32F0xx_HAL_Driver/Src/stm32f0xx_hal.o
 .debug_frame   0x00000000000007f8      0x2a0 ./Drivers/STM32F0xx_HAL_Driver/Src/stm32f0xx_hal_cortex.o
 .debug_frame   0x0000000000000a98      0x110 ./Drivers/STM32F0xx_HAL_Driver/Src/stm32f0xx_hal_gpio.o
 .debug_frame   0x0000000000000ba8      0xa68 ./Drivers/STM32F0xx_HAL_Driver/Src/stm32f0xx_hal_i2c.o
 .debug_frame   0x0000000000001610       0xd0 ./Drivers/STM32F0xx_HAL_Driver/Src/stm32f0xx_hal_i2c_ex.o
 .debug_frame   0x00000000000016e0      0x198 ./Drivers/STM32F0xx_HAL_Driver/Src/stm32f0xx_hal_rcc.o
 .debug_frame   0x0000000000001878       0x70 ./Drivers/STM32F0xx_HAL_Driver/Src/stm32f0xx_hal_rcc_ex.o
 .debug_frame   0x00000000000018e8      0xf00 ./Drivers/STM32F0xx_HAL_Driver/Src/stm32f0xx_hal_tim.o
 .debug_frame   0x00000000000027e8      0x560 ./Drivers/STM32F0xx_HAL_Driver/Src/stm32f0xx_hal_tim_ex.o
 .debug_frame   0x0000000000002d48       0x2c d:/stm32cube/stm32cubeide/stm32cubeide/plugins/com.st.stm32cube.ide.mcu.externaltools.gnu-tools-for-stm32.9-2020-q2-update.win32_2.0.0.202105311346/tools/bin/../lib/gcc/arm-none-eabi/9.3.1/../../../../arm-none-eabi/lib/thumb/v6-m/nofp\libc_nano.a(lib_a-init.o)
 .debug_frame   0x0000000000002d74       0x20 d:/stm32cube/stm32cubeide/stm32cubeide/plugins/com.st.stm32cube.ide.mcu.externaltools.gnu-tools-for-stm32.9-2020-q2-update.win32_2.0.0.202105311346/tools/bin/../lib/gcc/arm-none-eabi/9.3.1/../../../../arm-none-eabi/lib/thumb/v6-m/nofp\libc_nano.a(lib_a-memset.o)
 .debug_frame   0x0000000000002d94       0x20 d:/stm32cube/stm32cubeide/stm32cubeide/plugins/com.st.stm32cube.ide.mcu.externaltools.gnu-tools-for-stm32.9-2020-q2-update.win32_2.0.0.202105311346/tools/bin/../lib/gcc/arm-none-eabi/9.3.1/thumb/v6-m/nofp\libgcc.a(_udivsi3.o)
 .debug_frame   0x0000000000002db4       0x20 d:/stm32cube/stm32cubeide/stm32cubeide/plugins/com.st.stm32cube.ide.mcu.externaltools.gnu-tools-for-stm32.9-2020-q2-update.win32_2.0.0.202105311346/tools/bin/../lib/gcc/arm-none-eabi/9.3.1/thumb/v6-m/nofp\libgcc.a(_divsi3.o)
