Archive member included to satisfy reference by file (symbol)

D:/STM32CUBE/STM32cubeIDE/STM32CubeIDE/plugins/com.st.stm32cube.ide.mcu.externaltools.gnu-tools-for-stm32.12.3.rel1.win32_1.0.200.202406191623/tools/bin/../lib/gcc/arm-none-eabi/12.3.1/../../../../arm-none-eabi/lib/thumb/v6-m/nofp\libc_nano.a(libc_a-exit.o)
                              D:/STM32CUBE/STM32cubeIDE/STM32CubeIDE/plugins/com.st.stm32cube.ide.mcu.externaltools.gnu-tools-for-stm32.12.3.rel1.win32_1.0.200.202406191623/tools/bin/../lib/gcc/arm-none-eabi/12.3.1/../../../../arm-none-eabi/lib/thumb/v6-m/nofp/crt0.o (exit)
D:/STM32CUBE/STM32cubeIDE/STM32CubeIDE/plugins/com.st.stm32cube.ide.mcu.externaltools.gnu-tools-for-stm32.12.3.rel1.win32_1.0.200.202406191623/tools/bin/../lib/gcc/arm-none-eabi/12.3.1/../../../../arm-none-eabi/lib/thumb/v6-m/nofp\libc_nano.a(libc_a-malloc.o)
                              ./Core/Src/scheduler.o (malloc)
D:/STM32CUBE/STM32cubeIDE/STM32CubeIDE/plugins/com.st.stm32cube.ide.mcu.externaltools.gnu-tools-for-stm32.12.3.rel1.win32_1.0.200.202406191623/tools/bin/../lib/gcc/arm-none-eabi/12.3.1/../../../../arm-none-eabi/lib/thumb/v6-m/nofp\libc_nano.a(libc_a-mallocr.o)
                              D:/STM32CUBE/STM32cubeIDE/STM32CubeIDE/plugins/com.st.stm32cube.ide.mcu.externaltools.gnu-tools-for-stm32.12.3.rel1.win32_1.0.200.202406191623/tools/bin/../lib/gcc/arm-none-eabi/12.3.1/../../../../arm-none-eabi/lib/thumb/v6-m/nofp\libc_nano.a(libc_a-malloc.o) (_malloc_r)
D:/STM32CUBE/STM32cubeIDE/STM32CubeIDE/plugins/com.st.stm32cube.ide.mcu.externaltools.gnu-tools-for-stm32.12.3.rel1.win32_1.0.200.202406191623/tools/bin/../lib/gcc/arm-none-eabi/12.3.1/../../../../arm-none-eabi/lib/thumb/v6-m/nofp\libc_nano.a(libc_a-mlock.o)
                              D:/STM32CUBE/STM32cubeIDE/STM32CubeIDE/plugins/com.st.stm32cube.ide.mcu.externaltools.gnu-tools-for-stm32.12.3.rel1.win32_1.0.200.202406191623/tools/bin/../lib/gcc/arm-none-eabi/12.3.1/../../../../arm-none-eabi/lib/thumb/v6-m/nofp\libc_nano.a(libc_a-mallocr.o) (__malloc_lock)
D:/STM32CUBE/STM32cubeIDE/STM32CubeIDE/plugins/com.st.stm32cube.ide.mcu.externaltools.gnu-tools-for-stm32.12.3.rel1.win32_1.0.200.202406191623/tools/bin/../lib/gcc/arm-none-eabi/12.3.1/../../../../arm-none-eabi/lib/thumb/v6-m/nofp\libc_nano.a(libc_a-findfp.o)
                              D:/STM32CUBE/STM32cubeIDE/STM32CubeIDE/plugins/com.st.stm32cube.ide.mcu.externaltools.gnu-tools-for-stm32.12.3.rel1.win32_1.0.200.202406191623/tools/bin/../lib/gcc/arm-none-eabi/12.3.1/../../../../arm-none-eabi/lib/thumb/v6-m/nofp\libc_nano.a(libc_a-exit.o) (__stdio_exit_handler)
D:/STM32CUBE/STM32cubeIDE/STM32CubeIDE/plugins/com.st.stm32cube.ide.mcu.externaltools.gnu-tools-for-stm32.12.3.rel1.win32_1.0.200.202406191623/tools/bin/../lib/gcc/arm-none-eabi/12.3.1/../../../../arm-none-eabi/lib/thumb/v6-m/nofp\libc_nano.a(libc_a-fwalk.o)
                              D:/STM32CUBE/STM32cubeIDE/STM32CubeIDE/plugins/com.st.stm32cube.ide.mcu.externaltools.gnu-tools-for-stm32.12.3.rel1.win32_1.0.200.202406191623/tools/bin/../lib/gcc/arm-none-eabi/12.3.1/../../../../arm-none-eabi/lib/thumb/v6-m/nofp\libc_nano.a(libc_a-findfp.o) (_fwalk_sglue)
D:/STM32CUBE/STM32cubeIDE/STM32CubeIDE/plugins/com.st.stm32cube.ide.mcu.externaltools.gnu-tools-for-stm32.12.3.rel1.win32_1.0.200.202406191623/tools/bin/../lib/gcc/arm-none-eabi/12.3.1/../../../../arm-none-eabi/lib/thumb/v6-m/nofp\libc_nano.a(libc_a-stdio.o)
                              D:/STM32CUBE/STM32cubeIDE/STM32CubeIDE/plugins/com.st.stm32cube.ide.mcu.externaltools.gnu-tools-for-stm32.12.3.rel1.win32_1.0.200.202406191623/tools/bin/../lib/gcc/arm-none-eabi/12.3.1/../../../../arm-none-eabi/lib/thumb/v6-m/nofp\libc_nano.a(libc_a-findfp.o) (__sread)
D:/STM32CUBE/STM32cubeIDE/STM32CubeIDE/plugins/com.st.stm32cube.ide.mcu.externaltools.gnu-tools-for-stm32.12.3.rel1.win32_1.0.200.202406191623/tools/bin/../lib/gcc/arm-none-eabi/12.3.1/../../../../arm-none-eabi/lib/thumb/v6-m/nofp\libc_nano.a(libc_a-memset.o)
                              D:/STM32CUBE/STM32cubeIDE/STM32CubeIDE/plugins/com.st.stm32cube.ide.mcu.externaltools.gnu-tools-for-stm32.12.3.rel1.win32_1.0.200.202406191623/tools/bin/../lib/gcc/arm-none-eabi/12.3.1/../../../../arm-none-eabi/lib/thumb/v6-m/nofp/crt0.o (memset)
D:/STM32CUBE/STM32cubeIDE/STM32CubeIDE/plugins/com.st.stm32cube.ide.mcu.externaltools.gnu-tools-for-stm32.12.3.rel1.win32_1.0.200.202406191623/tools/bin/../lib/gcc/arm-none-eabi/12.3.1/../../../../arm-none-eabi/lib/thumb/v6-m/nofp\libc_nano.a(libc_a-closer.o)
                              D:/STM32CUBE/STM32cubeIDE/STM32CubeIDE/plugins/com.st.stm32cube.ide.mcu.externaltools.gnu-tools-for-stm32.12.3.rel1.win32_1.0.200.202406191623/tools/bin/../lib/gcc/arm-none-eabi/12.3.1/../../../../arm-none-eabi/lib/thumb/v6-m/nofp\libc_nano.a(libc_a-stdio.o) (_close_r)
[...]
Memory Configuration

Name             Origin             Length             Attributes
RAM              0x20000000         0x00001000         xrw
FLASH            0x08000000         0x00008000         xr
*default*        0x00000000         0xffffffff

Linker script and memory map

LOAD D:/STM32CUBE/STM32cubeIDE/STM32CubeIDE/plugins/com.st.stm32cube.ide.mcu.externaltools.gnu-tools-for-stm32.12.3.rel1.win32_1.0.200.202406191623/tools/bin/../lib/gcc/arm-none-eabi/12.3.1/thumb/v6-m/nofp/crti.o
LOAD D:/STM32CUBE/STM32cubeIDE/STM32CubeIDE/plugins/com.st.stm32cube.ide.mcu.externaltools.gnu-tools-for-stm32.12.3.rel1.win32_1.0.200.202406191623/tools/bin/../lib/gcc/arm-none-eabi/12.3.1/thumb/v6-m/nofp/crtbegin.o
LOAD D:/STM32CUBE/STM32cubeIDE/STM32CubeIDE/plugins/com.st.stm32cube.ide.mcu.externaltools.gnu-tools-for-stm32.12.3.rel1.win32_1.0.200.202406191623/tools/bin/../lib/gcc/arm-none-eabi/12.3.1/../../../../arm-none-eabi/lib/thumb/v6-m/nofp/crt0.o
LOAD ./Core/Src/button.o
LOAD ./Core/Src/fsm_auto.o
LOAD ./Core/Src/fsm_manual.o
LOAD ./Core/Src/fsm_setting.o
LOAD ./Core/Src/fsm_slow.o
LOAD ./Core/Src/global.o
LOAD ./Core/Src/i2c-lcd.o
LOAD ./Core/Src/led_display.o
LOAD ./Core/Src/main.o
LOAD ./Core/Src/scheduler.o
LOAD ./Core/Src/stm32f0xx_hal_msp.o
LOAD ./Core/Src/stm32f0xx_it.o
LOAD ./Core/Src/syscalls.o
LOAD ./Core/Src/sysmem.o
LOAD ./Core/Src/system_stm32f0xx.o
LOAD ./Core/Startup/startup_stm32f031k6tx.o
LOAD ./Drivers/STM32F0xx_HAL_Driver/Src/stm32f0xx_hal.o
LOAD ./Drivers/STM32F0xx_HAL_Driver/Src/stm32f0xx_hal_cortex.o
LOAD ./Drivers/STM32F0xx_HAL_Driver/Src/stm32f0xx_hal_dma.o
LOAD ./Drivers/STM32F0xx_HAL_Driver/Src/stm32f0xx_hal_exti.o
LOAD ./Drivers/STM32F0xx_HAL_Driver/Src/stm32f0xx_hal_flash.o
LOAD ./Drivers/STM32F0xx_HAL_Driver/Src/stm32f0xx_hal_flash_ex.o
LOAD ./Drivers/STM32F0xx_HAL_Driver/Src/stm32f0xx_hal_gpio.o
LOAD ./Drivers/STM32F0xx_HAL_Driver/Src/stm32f0xx_hal_i2c.o
LOAD ./Drivers/STM32F0xx_HAL_Driver/Src/stm32f0xx_hal_i2c_ex.o
LOAD ./Drivers/STM32F0xx_HAL_Driver/Src/stm32f0xx_hal_pwr.o
LOAD ./Drivers/STM32F0xx_HAL_Driver/Src/stm32f0xx_hal_pwr_ex.o
LOAD ./Drivers/STM32F0xx_HAL_Driver/Src/stm32f0xx_hal_rcc.o
LOAD ./Drivers/STM32F0xx_HAL_Driver/Src/stm32f0xx_hal_rcc_ex.o
LOAD ./Drivers/STM32F0xx_HAL_Driver/Src/stm32f0xx_hal_tim.o
LOAD ./Drivers/STM32F0xx_HAL_Driver/Src/stm32f0xx_hal_tim_ex.o
LOAD ./Drivers/STM32F0xx_HAL_Driver/Src/stm32f0xx_hal_uart.o
LOAD ./Drivers/STM32F0xx_HAL_Driver/Src/stm32f0xx_hal_uart_ex.o
START GROUP
LOAD D:/STM32CUBE/STM32cubeIDE/STM32CubeIDE/plugins/com.st.stm32cube.ide.mcu.externaltools.gnu-tools-for-stm32.12.3.rel1.win32_1.0.200.202406191623/tools/bin/../lib/gcc/arm-none-eabi/12.3.1/../../../../arm-none-eabi/lib/thumb/v6-m/nofp\libc_nano.a
LOAD D:/STM32CUBE/STM32cubeIDE/STM32CubeIDE/plugins/com.st.stm32cube.ide.mcu.externaltools.gnu-tools-for-stm32.12.3.rel1.win32_1.0.200.202406191623/tools/bin/../lib/gcc/arm-none-eabi/12.3.1/../../../../arm-none-eabi/lib/thumb/v6-m/nofp\libm.a
END GROUP
START GROUP
LOAD D:/STM32CUBE/STM32cubeIDE/STM32CubeIDE/plugins/com.st.stm32cube.ide.mcu.externaltools.gnu-tools-for-stm32.12.3.rel1.win32_1.0.200.202406191623/tools/bin/../lib/gcc/arm-none-eabi/12.3.1/thumb/v6-m/nofp\libgcc.a
LOAD D:/STM32CUBE/STM32cubeIDE/STM32CubeIDE/plugins/com.st.stm32cube.ide.mcu.externaltools.gnu-tools-for-stm32.12.3.rel1.win32_1.0.200.202406191623/tools/bin/../lib/gcc/arm-none-eabi/12.3.1/../../../../arm-none-eabi/lib/thumb/v6-m/nofp\libc_nano.a
END GROUP
START GROUP
LOAD D:/STM32CUBE/STM32cubeIDE/STM32CubeIDE/plugins/com.st.stm32cube.ide.mcu.externaltools.gnu-tools-for-stm32.12.3.rel1.win32_1.0.200.202406191623/tools/bin/../lib/gcc/arm-none-eabi/12.3.1/thumb/v6-m/nofp\libgcc.a
LOAD D:/STM32CUBE/STM32cubeIDE/STM32CubeIDE/plugins/com.st.stm32cube.ide.mcu.externaltools.gnu-tools-for-stm32.12.3.rel1.win32_1.0.200.202406191623/tools/bin/../lib/gcc/arm-none-eabi/12.3.1/../../../../arm-none-eabi/lib/thumb/v6-m/nofp\libc_nano.a
LOAD D:/STM32CUBE/STM32cubeIDE/STM32CubeIDE/plugins/com.st.stm32cube.ide.mcu.externaltools.gnu-tools-for-stm32.12.3.rel1.win32_1.0.200.202406191623/tools/bin/../lib/gcc/arm-none-eabi/12.3.1/../../../../arm-none-eabi/lib/thumb/v6-m/nofp\libnosys.a
END GROUP
START GROUP
LOAD D:/STM32CUBE/STM32cubeIDE/STM32CubeIDE/plugins/com.st.stm32cube.ide.mcu.externaltools.gnu-tools-for-stm32.12.3.rel1.win32_1.0.200.202406191623/tools/bin/../lib/gcc/arm-none-eabi/12.3.1/thumb/v6-m/nofp\libgcc.a
LOAD D:/STM32CUBE/STM32cubeIDE/STM32CubeIDE/plugins/com.st.stm32cube.ide.mcu.externaltools.gnu-tools-for-stm32.12.3.rel1.win32_1.0.200.202406191623/tools/bin/../lib/gcc/arm-none-eabi/12.3.1/../../../../arm-none-eabi/lib/thumb/v6-m/nofp\libc_nano.a
LOAD D:/STM32CUBE/STM32cubeIDE/STM32CubeIDE/plugins/com.st.stm32cube.ide.mcu.externaltools.gnu-tools-for-stm32.12.3.rel1.win32_1.0.200.202406191623/tools/bin/../lib/gcc/arm-none-eabi/12.3.1/../../../../arm-none-eabi/lib/thumb/v6-m/nofp\libnosys.a
END GROUP
LOAD D:/STM32CUBE/STM32cubeIDE/STM32CubeIDE/plugins/com.st.stm32cube.ide.mcu.externaltools.gnu-tools-for-stm32.12.3.rel1.win32_1.0.200.202406191623/tools/bin/../lib/gcc/arm-none-eabi/12.3.1/thumb/v6-m/nofp/crtend.o
LOAD D:/STM32CUBE/STM32cubeIDE/STM32CubeIDE/plugins/com.st.stm32cube.ide.mcu.externaltools.gnu-tools-for-stm32.12.3.rel1.win32_1.0.200.202406191623/tools/bin/../lib/gcc/arm-none-eabi/12.3.1/thumb/v6-m/nofp/crtn.o
                0x20001000                        _estack = (ORIGIN (RAM) + LENGTH (RAM))
                0x00000200                        _Min_Heap_Size = 0x200
                0x00000400                        _Min_Stack_Size = 0x400

.isr_vector     0x08000000       0xc0
                0x08000000                        . = ALIGN (0x4)
 *(.isr_vector)
 .isr_vector    0x08000000       0xc0 ./Core/Startup/startup_stm32f031k6tx.o
                0x08000000                g_pfnVectors
                0x080000c0                        . = ALIGN (0x4)

.text           0x080000c0     0x595c
                0x080000c0                        . = ALIGN (0x4)
 *(.text)
 .text          0x080000c0       0x48 D:/STM32CUBE/STM32cubeIDE/STM32CubeIDE/plugins/com.st.stm32cube.ide.mcu.externaltools.gnu-tools-for-stm32.12.3.rel1.win32_1.0.200.202406191623/tools/bin/../lib/gcc/arm-none-eabi/12.3.1/thumb/v6-m/nofp/crtbegin.o
 .text          0x08000108      0x114 D:/STM32CUBE/STM32cubeIDE/STM32CubeIDE/plugins/com.st.stm32cube.ide.mcu.externaltools.gnu-tools-for-stm32.12.3.rel1.win32_1.0.200.202406191623/tools/bin/../lib/gcc/arm-none-eabi/12.3.1/thumb/v6-m/nofp\libgcc.a(_udivsi3.o)
                0x08000108                __aeabi_uidiv
                0x08000108                __udivsi3
                0x08000214                __aeabi_uidivmod
 .text          0x0800021c      0x1d4 D:/STM32CUBE/STM32cubeIDE/STM32CubeIDE/plugins/com.st.stm32cube.ide.mcu.externaltools.gnu-tools-for-stm32.12.3.rel1.win32_1.0.200.202406191623/tools/bin/../lib/gcc/arm-none-eabi/12.3.1/thumb/v6-m/nofp\libgcc.a(_divsi3.o)
                0x0800021c                __divsi3
                0x0800021c                __aeabi_idiv
                0x080003e8                __aeabi_idivmod
 .text          0x080003f0        0x4 D:/STM32CUBE/STM32cubeIDE/STM32CubeIDE/plugins/com.st.stm32cube.ide.mcu.externaltools.gnu-tools-for-stm32.12.3.rel1.win32_1.0.200.202406191623/tools/bin/../lib/gcc/arm-none-eabi/12.3.1/thumb/v6-m/nofp\libgcc.a(_dvmd_tls.o)
                0x080003f0                __aeabi_idiv0
                0x080003f0                __aeabi_ldiv0
 *(.text*)
 .text.getKeyinput
                0x080003f4       0x94 ./Core/Src/button.o
                0x080003f4                getKeyinput
 .text.isButtonPress
                0x08000488       0x30 ./Core/Src/button.o
                0x08000488                isButtonPress
 .text.fsm_auto_run
                0x080004b8      0x37c ./Core/Src/fsm_auto.o
                0x080004b8                fsm_auto_run
 .text.fsm_switch_state_auto_red_green
                0x08000834       0xb0 ./Core/Src/fsm_auto.o
                0x08000834                fsm_switch_state_auto_red_green
 .text.fsm_switch_state_auto_red_yellow
                0x080008e4       0x78 ./Core/Src/fsm_auto.o
                0x080008e4                fsm_switch_state_auto_red_yellow
 .text.fsm_switch_state_auto_green_red
                0x0800095c       0xb4 ./Core/Src/fsm_auto.o
                0x0800095c                fsm_switch_state_auto_green_red
 .text.fsm_switch_state_auto_yellow_red
                0x08000a10       0x7c ./Core/Src/fsm_auto.o
                0x08000a10                fsm_switch_state_auto_yellow_red
 .text.count_1_second
                0x08000a8c       0x48 ./Core/Src/fsm_auto.o
                0x08000a8c                count_1_second
 .text.fsm_manual
                0x08000ad4      0x2b8 ./Core/Src/fsm_manual.o
                0x08000ad4                fsm_manual
 .text.fsm_setting
                0x08000d8c      0x294 ./Core/Src/fsm_setting.o
                0x08000d8c                fsm_setting
 .text.fsm_slow_run
                0x08001020       0x68 ./Core/Src/fsm_slow.o
                0x08001020                fsm_slow_run
 .text.lcd_send_cmd
                0x08001088       0x7c ./Core/Src/i2c-lcd.o
                0x08001088                lcd_send_cmd
 .text.lcd_send_data
                0x08001104       0x7c ./Core/Src/i2c-lcd.o
                0x08001104                lcd_send_data
 .text.lcd_init
                0x08001180       0x5e ./Core/Src/i2c-lcd.o
                0x08001180                lcd_init
 .text.lcd_send_string
                0x080011de       0x2a ./Core/Src/i2c-lcd.o
                0x080011de                lcd_send_string
 .text.lcd_clear_display
                0x08001208       0x16 ./Core/Src/i2c-lcd.o
                0x08001208                lcd_clear_display
 .text.lcd_goto_XY
                0x0800121e       0x52 ./Core/Src/i2c-lcd.o
                0x0800121e                lcd_goto_XY
 .text.Diable_7SEG
                0x08001270       0x48 ./Core/Src/led_display.o
                0x08001270                Diable_7SEG
 .text.Scan7SEG
                0x080012b8       0xb8 ./Core/Src/led_display.o
                0x080012b8                Scan7SEG
 .text.display7SEG
                0x08001370      0x250 ./Core/Src/led_display.o
                0x08001370                display7SEG
 .text.updateClockBuffer
                0x080015c0       0x60 ./Core/Src/led_display.o
                0x080015c0                updateClockBuffer
 .text.single_LED_off
                0x08001620       0x64 ./Core/Src/led_display.o
                0x08001620                single_LED_off
 .text.main     0x08001684       0xec ./Core/Src/main.o
                0x08001684                main
 .text.SystemClock_Config
                0x08001770       0xb4 ./Core/Src/main.o
                0x08001770                SystemClock_Config
 .text.MX_I2C1_Init
                0x08001824       0x80 ./Core/Src/main.o
 .text.MX_TIM2_Init
                0x080018a4       0xa8 ./Core/Src/main.o
 .text.MX_USART1_UART_Init
                0x0800194c       0x60 ./Core/Src/main.o
 .text.MX_GPIO_Init
                0x080019ac      0x138 ./Core/Src/main.o
 .text.HAL_UART_RxCpltCallback
                0x08001ae4       0x30 ./Core/Src/main.o
                0x08001ae4                HAL_UART_RxCpltCallback
 .text.HAL_TIM_PeriodElapsedCallback
                0x08001b14       0x14 ./Core/Src/main.o
                0x08001b14                HAL_TIM_PeriodElapsedCallback
 .text.Error_Handler
                0x08001b28        0xc ./Core/Src/main.o
                0x08001b28                Error_Handler
 .text.SCH_Add_Task
                0x08001b34      0x130 ./Core/Src/scheduler.o
                0x08001b34                SCH_Add_Task
 .text.SCH_Update
                0x08001c64       0x24 ./Core/Src/scheduler.o
                0x08001c64                SCH_Update
 .text.SCH_Dispatch_Task
                0x08001c88       0x80 ./Core/Src/scheduler.o
                0x08001c88                SCH_Dispatch_Task
 .text.SCH_Delete_Task
                0x08001d08       0xf8 ./Core/Src/scheduler.o
                0x08001d08                SCH_Delete_Task
 .text.HAL_MspInit
                0x08001e00       0x48 ./Core/Src/stm32f0xx_hal_msp.o
                0x08001e00                HAL_MspInit
 .text.HAL_I2C_MspInit
                0x08001e48       0x9c ./Core/Src/stm32f0xx_hal_msp.o
                0x08001e48                HAL_I2C_MspInit
 .text.HAL_TIM_Base_MspInit
                0x08001ee4       0x48 ./Core/Src/stm32f0xx_hal_msp.o
                0x08001ee4                HAL_TIM_Base_MspInit
 .text.HAL_UART_MspInit
                0x08001f2c       0xac ./Core/Src/stm32f0xx_hal_msp.o
                0x08001f2c                HAL_UART_MspInit
 .text.NMI_Handler
                0x08001fd8        0x8 ./Core/Src/stm32f0xx_it.o
                0x08001fd8                NMI_Handler
 .text.HardFault_Handler
                0x08001fe0        0x8 ./Core/Src/stm32f0xx_it.o
                0x08001fe0                HardFault_Handler
 .text.SVC_Handler
                0x08001fe8        0xa ./Core/Src/stm32f0xx_it.o
                0x08001fe8                SVC_Handler
 .text.PendSV_Handler
                0x08001ff2        0xa ./Core/Src/stm32f0xx_it.o
                0x08001ff2                PendSV_Handler
 .text.SysTick_Handler
                0x08001ffc        0xe ./Core/Src/stm32f0xx_it.o
                0x08001ffc                SysTick_Handler
 *fill*         0x0800200a        0x2 
 .text.TIM2_IRQHandler
                0x0800200c       0x18 ./Core/Src/stm32f0xx_it.o
                0x0800200c                TIM2_IRQHandler
 .text.USART1_IRQHandler
                0x08002024       0x18 ./Core/Src/stm32f0xx_it.o
                0x08002024                USART1_IRQHandler
 .text._sbrk    0x0800203c       0x6c ./Core/Src/sysmem.o
                0x0800203c                _sbrk
 .text.SystemInit
                0x080020a8        0xa ./Core/Src/system_stm32f0xx.o
                0x080020a8                SystemInit
 *fill*         0x080020b2        0x2 
 .text.Reset_Handler
                0x080020b4       0x50 ./Core/Startup/startup_stm32f031k6tx.o
                0x080020b4                Reset_Handler
 .text.Default_Handler
                0x08002104        0x2 ./Core/Startup/startup_stm32f031k6tx.o
                0x08002104                TIM1_CC_IRQHandler
                0x08002104                PVD_IRQHandler
                0x08002104                I2C1_IRQHandler
                0x08002104                SPI1_IRQHandler
                0x08002104                EXTI2_3_IRQHandler
                0x08002104                ADC1_IRQHandler
                0x08002104                TIM17_IRQHandler
                0x08002104                RTC_IRQHandler
                0x08002104                TIM16_IRQHandler
                0x08002104                TIM3_IRQHandler
                0x08002104                EXTI4_15_IRQHandler
                0x08002104                RCC_IRQHandler
                0x08002104                DMA1_Channel1_IRQHandler
                0x08002104                Default_Handler
                0x08002104                TIM14_IRQHandler
                0x08002104                DMA1_Channel4_5_IRQHandler
                0x08002104                EXTI0_1_IRQHandler
                0x08002104                WWDG_IRQHandler
                0x08002104                DMA1_Channel2_3_IRQHandler
                0x08002104                FLASH_IRQHandler
                0x08002104                TIM1_BRK_UP_TRG_COM_IRQHandler
 *fill*         0x08002106        0x2 
 .text.HAL_Init
                0x08002108       0x28 ./Drivers/STM32F0xx_HAL_Driver/Src/stm32f0xx_hal.o
                0x08002108                HAL_Init
 .text.HAL_InitTick
                0x08002130       0x68 ./Drivers/STM32F0xx_HAL_Driver/Src/stm32f0xx_hal.o
                0x08002130                HAL_InitTick
 .text.HAL_IncTick
                0x08002198       0x24 ./Drivers/STM32F0xx_HAL_Driver/Src/stm32f0xx_hal.o
                0x08002198                HAL_IncTick
 .text.HAL_GetTick
                0x080021bc       0x14 ./Drivers/STM32F0xx_HAL_Driver/Src/stm32f0xx_hal.o
                0x080021bc                HAL_GetTick
 .text.HAL_Delay
                0x080021d0       0x48 ./Drivers/STM32F0xx_HAL_Driver/Src/stm32f0xx_hal.o
                0x080021d0                HAL_Delay
 .text.__NVIC_EnableIRQ
                0x08002218       0x34 ./Drivers/STM32F0xx_HAL_Driver/Src/stm32f0xx_hal_cortex.o
 .text.__NVIC_SetPriority
                0x0800224c       0xdc ./Drivers/STM32F0xx_HAL_Driver/Src/stm32f0xx_hal_cortex.o
 .text.SysTick_Config
                0x08002328       0x48 ./Drivers/STM32F0xx_HAL_Driver/Src/stm32f0xx_hal_cortex.o
 .text.HAL_NVIC_SetPriority
                0x08002370       0x2a ./Drivers/STM32F0xx_HAL_Driver/Src/stm32f0xx_hal_cortex.o
                0x08002370                HAL_NVIC_SetPriority
 .text.HAL_NVIC_EnableIRQ
                0x0800239a       0x20 ./Drivers/STM32F0xx_HAL_Driver/Src/stm32f0xx_hal_cortex.o
                0x0800239a                HAL_NVIC_EnableIRQ
 .text.HAL_SYSTICK_Config
                0x080023ba       0x1a ./Drivers/STM32F0xx_HAL_Driver/Src/stm32f0xx_hal_cortex.o
                0x080023ba                HAL_SYSTICK_Config
 .text.HAL_DMA_Abort
                0x080023d4       0x70 ./Drivers/STM32F0xx_HAL_Driver/Src/stm32f0xx_hal_dma.o
                0x080023d4                HAL_DMA_Abort
 .text.HAL_DMA_Abort_IT
                0x08002444       0x8a ./Drivers/STM32F0xx_HAL_Driver/Src/stm32f0xx_hal_dma.o
                0x08002444                HAL_DMA_Abort_IT
 *fill*         0x080024ce        0x2 
 .text.HAL_GPIO_Init
                0x080024d0      0x2d0 ./Drivers/STM32F0xx_HAL_Driver/Src/stm32f0xx_hal_gpio.o
                0x080024d0                HAL_GPIO_Init
 .text.HAL_GPIO_ReadPin
                0x080027a0       0x3a ./Drivers/STM32F0xx_HAL_Driver/Src/stm32f0xx_hal_gpio.o
                0x080027a0                HAL_GPIO_ReadPin
 .text.HAL_GPIO_WritePin
                0x080027da       0x3a ./Drivers/STM32F0xx_HAL_Driver/Src/stm32f0xx_hal_gpio.o
                0x080027da                HAL_GPIO_WritePin
 .text.HAL_GPIO_TogglePin
                0x08002814       0x36 ./Drivers/STM32F0xx_HAL_Driver/Src/stm32f0xx_hal_gpio.o
                0x08002814                HAL_GPIO_TogglePin
 *fill*         0x0800284a        0x2 
 .text.HAL_I2C_Init
                0x0800284c      0x14c ./Drivers/STM32F0xx_HAL_Driver/Src/stm32f0xx_hal_i2c.o
                0x0800284c                HAL_I2C_Init
 .text.HAL_I2C_Master_Transmit
                0x08002998      0x254 ./Drivers/STM32F0xx_HAL_Driver/Src/stm32f0xx_hal_i2c.o
                0x08002998                HAL_I2C_Master_Transmit
 .text.I2C_Flush_TXDR
                0x08002bec       0x44 ./Drivers/STM32F0xx_HAL_Driver/Src/stm32f0xx_hal_i2c.o
 .text.I2C_WaitOnFlagUntilTimeout
                0x08002c30       0xb0 ./Drivers/STM32F0xx_HAL_Driver/Src/stm32f0xx_hal_i2c.o
 .text.I2C_WaitOnTXISFlagUntilTimeout
                0x08002ce0       0x8c ./Drivers/STM32F0xx_HAL_Driver/Src/stm32f0xx_hal_i2c.o
 .text.I2C_WaitOnSTOPFlagUntilTimeout
                0x08002d6c       0x86 ./Drivers/STM32F0xx_HAL_Driver/Src/stm32f0xx_hal_i2c.o
 *fill*         0x08002df2        0x2 
 .text.I2C_IsErrorOccurred
                0x08002df4      0x1f0 ./Drivers/STM32F0xx_HAL_Driver/Src/stm32f0xx_hal_i2c.o
 .text.I2C_TransferConfig
                0x08002fe4       0x74 ./Drivers/STM32F0xx_HAL_Driver/Src/stm32f0xx_hal_i2c.o
 .text.HAL_I2CEx_ConfigAnalogFilter
                0x08003058       0x98 ./Drivers/STM32F0xx_HAL_Driver/Src/stm32f0xx_hal_i2c_ex.o
                0x08003058                HAL_I2CEx_ConfigAnalogFilter
 .text.HAL_I2CEx_ConfigDigitalFilter
                0x080030f0       0x98 ./Drivers/STM32F0xx_HAL_Driver/Src/stm32f0xx_hal_i2c_ex.o
                0x080030f0                HAL_I2CEx_ConfigDigitalFilter
 .text.HAL_RCC_OscConfig
                0x08003188      0x634 ./Drivers/STM32F0xx_HAL_Driver/Src/stm32f0xx_hal_rcc.o
                0x08003188                HAL_RCC_OscConfig
 .text.HAL_RCC_ClockConfig
                0x080037bc      0x19c ./Drivers/STM32F0xx_HAL_Driver/Src/stm32f0xx_hal_rcc.o
                0x080037bc                HAL_RCC_ClockConfig
 .text.HAL_RCC_GetSysClockFreq
                0x08003958       0xac ./Drivers/STM32F0xx_HAL_Driver/Src/stm32f0xx_hal_rcc.o
                0x08003958                HAL_RCC_GetSysClockFreq
 .text.HAL_RCC_GetHCLKFreq
                0x08003a04       0x14 ./Drivers/STM32F0xx_HAL_Driver/Src/stm32f0xx_hal_rcc.o
                0x08003a04                HAL_RCC_GetHCLKFreq
 .text.HAL_RCC_GetPCLK1Freq
                0x08003a18       0x2c ./Drivers/STM32F0xx_HAL_Driver/Src/stm32f0xx_hal_rcc.o
                0x08003a18                HAL_RCC_GetPCLK1Freq
 .text.HAL_RCCEx_PeriphCLKConfig
                0x08003a44      0x19c ./Drivers/STM32F0xx_HAL_Driver/Src/stm32f0xx_hal_rcc_ex.o
                0x08003a44                HAL_RCCEx_PeriphCLKConfig
 .text.HAL_TIM_Base_Init
                0x08003be0       0xa0 ./Drivers/STM32F0xx_HAL_Driver/Src/stm32f0xx_hal_tim.o
                0x08003be0                HAL_TIM_Base_Init
 .text.HAL_TIM_Base_Start_IT
                0x08003c80       0x98 ./Drivers/STM32F0xx_HAL_Driver/Src/stm32f0xx_hal_tim.o
                0x08003c80                HAL_TIM_Base_Start_IT
 .text.HAL_TIM_IRQHandler
                0x08003d18      0x1dc ./Drivers/STM32F0xx_HAL_Driver/Src/stm32f0xx_hal_tim.o
                0x08003d18                HAL_TIM_IRQHandler
 .text.HAL_TIM_ConfigClockSource
                0x08003ef4      0x1a8 ./Drivers/STM32F0xx_HAL_Driver/Src/stm32f0xx_hal_tim.o
                0x08003ef4                HAL_TIM_ConfigClockSource
 .text.HAL_TIM_OC_DelayElapsedCallback
                0x0800409c       0x10 ./Drivers/STM32F0xx_HAL_Driver/Src/stm32f0xx_hal_tim.o
                0x0800409c                HAL_TIM_OC_DelayElapsedCallback
 .text.HAL_TIM_IC_CaptureCallback
                0x080040ac       0x10 ./Drivers/STM32F0xx_HAL_Driver/Src/stm32f0xx_hal_tim.o
                0x080040ac                HAL_TIM_IC_CaptureCallback
 .text.HAL_TIM_PWM_PulseFinishedCallback
                0x080040bc       0x10 ./Drivers/STM32F0xx_HAL_Driver/Src/stm32f0xx_hal_tim.o
                0x080040bc                HAL_TIM_PWM_PulseFinishedCallback
 .text.HAL_TIM_TriggerCallback
                0x080040cc       0x10 ./Drivers/STM32F0xx_HAL_Driver/Src/stm32f0xx_hal_tim.o
                0x080040cc                HAL_TIM_TriggerCallback
 .text.TIM_Base_SetConfig
                0x080040dc      0x108 ./Drivers/STM32F0xx_HAL_Driver/Src/stm32f0xx_hal_tim.o
                0x080040dc                TIM_Base_SetConfig
 .text.TIM_TI1_ConfigInputStage
                0x080041e4       0x5c ./Drivers/STM32F0xx_HAL_Driver/Src/stm32f0xx_hal_tim.o
 .text.TIM_TI2_ConfigInputStage
                0x08004240       0x64 ./Drivers/STM32F0xx_HAL_Driver/Src/stm32f0xx_hal_tim.o
 .text.TIM_ITRx_SetConfig
                0x080042a4       0x32 ./Drivers/STM32F0xx_HAL_Driver/Src/stm32f0xx_hal_tim.o
 *fill*         0x080042d6        0x2 
 .text.TIM_ETR_SetConfig
                0x080042d8       0x40 ./Drivers/STM32F0xx_HAL_Driver/Src/stm32f0xx_hal_tim.o
                0x080042d8                TIM_ETR_SetConfig
 .text.HAL_TIMEx_MasterConfigSynchronization
                0x08004318       0xb0 ./Drivers/STM32F0xx_HAL_Driver/Src/stm32f0xx_hal_tim_ex.o
                0x08004318                HAL_TIMEx_MasterConfigSynchronization
 .text.HAL_TIMEx_CommutCallback
                0x080043c8       0x10 ./Drivers/STM32F0xx_HAL_Driver/Src/stm32f0xx_hal_tim_ex.o
                0x080043c8                HAL_TIMEx_CommutCallback
 .text.HAL_TIMEx_BreakCallback
                0x080043d8       0x10 ./Drivers/STM32F0xx_HAL_Driver/Src/stm32f0xx_hal_tim_ex.o
                0x080043d8                HAL_TIMEx_BreakCallback
 .text.HAL_UART_Init
                0x080043e8       0xa8 ./Drivers/STM32F0xx_HAL_Driver/Src/stm32f0xx_hal_uart.o
                0x080043e8                HAL_UART_Init
 .text.HAL_UART_Receive_IT
                0x08004490       0xae ./Drivers/STM32F0xx_HAL_Driver/Src/stm32f0xx_hal_uart.o
                0x08004490                HAL_UART_Receive_IT
 *fill*         0x0800453e        0x2 
 .text.HAL_UART_IRQHandler
                0x08004540      0x5c0 ./Drivers/STM32F0xx_HAL_Driver/Src/stm32f0xx_hal_uart.o
                0x08004540                HAL_UART_IRQHandler
 .text.HAL_UART_TxCpltCallback
                0x08004b00       0x10 ./Drivers/STM32F0xx_HAL_Driver/Src/stm32f0xx_hal_uart.o
                0x08004b00                HAL_UART_TxCpltCallback
 .text.HAL_UART_ErrorCallback
                0x08004b10       0x10 ./Drivers/STM32F0xx_HAL_Driver/Src/stm32f0xx_hal_uart.o
                0x08004b10                HAL_UART_ErrorCallback
 .text.HAL_UARTEx_RxEventCallback
                0x08004b20       0x16 ./Drivers/STM32F0xx_HAL_Driver/Src/stm32f0xx_hal_uart.o
                0x08004b20                HAL_UARTEx_RxEventCallback
 *fill*         0x08004b36        0x2 
 .text.UART_SetConfig
                0x08004b38      0x250 ./Drivers/STM32F0xx_HAL_Driver/Src/stm32f0xx_hal_uart.o
                0x08004b38                UART_SetConfig
 .text.UART_AdvFeatureConfig
                0x08004d88      0x168 ./Drivers/STM32F0xx_HAL_Driver/Src/stm32f0xx_hal_uart.o
                0x08004d88                UART_AdvFeatureConfig
 .text.UART_CheckIdleState
                0x08004ef0      0x150 ./Drivers/STM32F0xx_HAL_Driver/Src/stm32f0xx_hal_uart.o
                0x08004ef0                UART_CheckIdleState
 .text.UART_WaitOnFlagUntilTimeout
                0x08005040       0xde ./Drivers/STM32F0xx_HAL_Driver/Src/stm32f0xx_hal_uart.o
                0x08005040                UART_WaitOnFlagUntilTimeout
 *fill*         0x0800511e        0x2 
 .text.UART_Start_Receive_IT
                0x08005120      0x16c ./Drivers/STM32F0xx_HAL_Driver/Src/stm32f0xx_hal_uart.o
                0x08005120                UART_Start_Receive_IT
 .text.UART_EndRxTransfer
                0x0800528c       0xc8 ./Drivers/STM32F0xx_HAL_Driver/Src/stm32f0xx_hal_uart.o
 .text.UART_DMAAbortOnError
                0x08005354       0x2e ./Drivers/STM32F0xx_HAL_Driver/Src/stm32f0xx_hal_uart.o
 .text.UART_EndTransmit_IT
                0x08005382       0x56 ./Drivers/STM32F0xx_HAL_Driver/Src/stm32f0xx_hal_uart.o
 .text.UART_RxISR_8BIT
                0x080053d8      0x1b8 ./Drivers/STM32F0xx_HAL_Driver/Src/stm32f0xx_hal_uart.o
 .text.UART_RxISR_16BIT
                0x08005590      0x1b8 ./Drivers/STM32F0xx_HAL_Driver/Src/stm32f0xx_hal_uart.o
 .text.HAL_UARTEx_WakeupCallback
                0x08005748       0x10 ./Drivers/STM32F0xx_HAL_Driver/Src/stm32f0xx_hal_uart_ex.o
                0x08005748                HAL_UARTEx_WakeupCallback
 .text.malloc   0x08005758       0x14 D:/STM32CUBE/STM32cubeIDE/STM32CubeIDE/plugins/com.st.stm32cube.ide.mcu.externaltools.gnu-tools-for-stm32.12.3.rel1.win32_1.0.200.202406191623/tools/bin/../lib/gcc/arm-none-eabi/12.3.1/../../../../arm-none-eabi/lib/thumb/v6-m/nofp\libc_nano.a(libc_a-malloc.o)
                0x08005758                malloc
 .text.free     0x0800576c       0x14 D:/STM32CUBE/STM32cubeIDE/STM32CubeIDE/plugins/com.st.stm32cube.ide.mcu.externaltools.gnu-tools-for-stm32.12.3.rel1.win32_1.0.200.202406191623/tools/bin/../lib/gcc/arm-none-eabi/12.3.1/../../../../arm-none-eabi/lib/thumb/v6-m/nofp\libc_nano.a(libc_a-malloc.o)
                0x0800576c                free
 .text.sbrk_aligned
                0x08005780       0x44 D:/STM32CUBE/STM32cubeIDE/STM32CubeIDE/plugins/com.st.stm32cube.ide.mcu.externaltools.gnu-tools-for-stm32.12.3.rel1.win32_1.0.200.202406191623/tools/bin/../lib/gcc/arm-none-eabi/12.3.1/../../../../arm-none-eabi/lib/thumb/v6-m/nofp\libc_nano.a(libc_a-mallocr.o)
 .text._malloc_r
                0x080057c4      0x100 D:/STM32CUBE/STM32cubeIDE/STM32CubeIDE/plugins/com.st.stm32cube.ide.mcu.externaltools.gnu-tools-for-stm32.12.3.rel1.win32_1.0.200.202406191623/tools/bin/../lib/gcc/arm-none-eabi/12.3.1/../../../../arm-none-eabi/lib/thumb/v6-m/nofp\libc_nano.a(libc_a-mallocr.o)
                0x080057c4                _malloc_r
 .text.__malloc_lock
                0x080058c4       0x10 D:/STM32CUBE/STM32cubeIDE/STM32CubeIDE/plugins/com.st.stm32cube.ide.mcu.externaltools.gnu-tools-for-stm32.12.3.rel1.win32_1.0.200.202406191623/tools/bin/../lib/gcc/arm-none-eabi/12.3.1/../../../../arm-none-eabi/lib/thumb/v6-m/nofp\libc_nano.a(libc_a-mlock.o)
                0x080058c4                __malloc_lock
 .text.__malloc_unlock
                0x080058d4       0x10 D:/STM32CUBE/STM32cubeIDE/STM32CubeIDE/plugins/com.st.stm32cube.ide.mcu.externaltools.gnu-tools-for-stm32.12.3.rel1.win32_1.0.200.202406191623/tools/bin/../lib/gcc/arm-none-eabi/12.3.1/../../../../arm-none-eabi/lib/thumb/v6-m/nofp\libc_nano.a(libc_a-mlock.o)
                0x080058d4                __malloc_unlock
 .text.memset   0x080058e4       0x10 D:/STM32CUBE/STM32cubeIDE/STM32CubeIDE/plugins/com.st.stm32cube.ide.mcu.externaltools.gnu-tools-for-stm32.12.3.rel1.win32_1.0.200.202406191623/tools/bin/../lib/gcc/arm-none-eabi/12.3.1/../../../../arm-none-eabi/lib/thumb/v6-m/nofp\libc_nano.a(libc_a-memset.o)
                0x080058e4                memset
 .text._sbrk_r  0x080058f4       0x24 D:/STM32CUBE/STM32cubeIDE/STM32CubeIDE/plugins/com.st.stm32cube.ide.mcu.externaltools.gnu-tools-for-stm32.12.3.rel1.win32_1.0.200.202406191623/tools/bin/../lib/gcc/arm-none-eabi/12.3.1/../../../../arm-none-eabi/lib/thumb/v6-m/nofp\libc_nano.a(libc_a-sbrkr.o)
                0x080058f4                _sbrk_r
 .text.__errno  0x08005918        0xc D:/STM32CUBE/STM32cubeIDE/STM32CubeIDE/plugins/com.st.stm32cube.ide.mcu.externaltools.gnu-tools-for-stm32.12.3.rel1.win32_1.0.200.202406191623/tools/bin/../lib/gcc/arm-none-eabi/12.3.1/../../../../arm-none-eabi/lib/thumb/v6-m/nofp\libc_nano.a(libc_a-errno.o)
                0x08005918                __errno
 .text.__libc_init_array
                0x08005924       0x48 D:/STM32CUBE/STM32cubeIDE/STM32CubeIDE/plugins/com.st.stm32cube.ide.mcu.externaltools.gnu-tools-for-stm32.12.3.rel1.win32_1.0.200.202406191623/tools/bin/../lib/gcc/arm-none-eabi/12.3.1/../../../../arm-none-eabi/lib/thumb/v6-m/nofp\libc_nano.a(libc_a-init.o)
                0x08005924                __libc_init_array
 .text.__retarget_lock_acquire_recursive
                0x0800596c        0x2 D:/STM32CUBE/STM32cubeIDE/STM32CubeIDE/plugins/com.st.stm32cube.ide.mcu.externaltools.gnu-tools-for-stm32.12.3.rel1.win32_1.0.200.202406191623/tools/bin/../lib/gcc/arm-none-eabi/12.3.1/../../../../arm-none-eabi/lib/thumb/v6-m/nofp\libc_nano.a(libc_a-lock.o)
                0x0800596c                __retarget_lock_acquire_recursive
 .text.__retarget_lock_release_recursive
                0x0800596e        0x2 D:/STM32CUBE/STM32cubeIDE/STM32CubeIDE/plugins/com.st.stm32cube.ide.mcu.externaltools.gnu-tools-for-stm32.12.3.rel1.win32_1.0.200.202406191623/tools/bin/../lib/gcc/arm-none-eabi/12.3.1/../../../../arm-none-eabi/lib/thumb/v6-m/nofp\libc_nano.a(libc_a-lock.o)
                0x0800596e                __retarget_lock_release_recursive
 .text._free_r  0x08005970       0x94 D:/STM32CUBE/STM32cubeIDE/STM32CubeIDE/plugins/com.st.stm32cube.ide.mcu.externaltools.gnu-tools-for-stm32.12.3.rel1.win32_1.0.200.202406191623/tools/bin/../lib/gcc/arm-none-eabi/12.3.1/../../../../arm-none-eabi/lib/thumb/v6-m/nofp\libc_nano.a(libc_a-freer.o)
                0x08005970                _free_r
 *(.glue_7)
 .glue_7        0x08005a04        0x0 linker stubs
 *(.glue_7t)
 .glue_7t       0x08005a04        0x0 linker stubs
 *(.eh_frame)
 .eh_frame      0x08005a04        0x0 D:/STM32CUBE/STM32cubeIDE/STM32CubeIDE/plugins/com.st.stm32cube.ide.mcu.externaltools.gnu-tools-for-stm32.12.3.rel1.win32_1.0.200.202406191623/tools/bin/../lib/gcc/arm-none-eabi/12.3.1/thumb/v6-m/nofp/crtbegin.o
 *(.init)
 .init          0x08005a04        0x4 D:/STM32CUBE/STM32cubeIDE/STM32CubeIDE/plugins/com.st.stm32cube.ide.mcu.externaltools.gnu-tools-for-stm32.12.3.rel1.win32_1.0.200.202406191623/tools/bin/../lib/gcc/arm-none-eabi/12.3.1/thumb/v6-m/nofp/crti.o
                0x08005a04                _init
 .init          0x08005a08        0x8 D:/STM32CUBE/STM32cubeIDE/STM32CubeIDE/plugins/com.st.stm32cube.ide.mcu.externaltools.gnu-tools-for-stm32.12.3.rel1.win32_1.0.200.202406191623/tools/bin/../lib/gcc/arm-none-eabi/12.3.1/thumb/v6-m/nofp/crtn.o
 *(.fini)
 .fini          0x08005a10        0x4 D:/STM32CUBE/STM32cubeIDE/STM32CubeIDE/plugins/com.st.stm32cube.ide.mcu.externaltools.gnu-tools-for-stm32.12.3.rel1.win32_1.0.200.202406191623/tools/bin/../lib/gcc/arm-none-eabi/12.3.1/thumb/v6-m/nofp/crti.o
                0x08005a10                _fini
 .fini          0x08005a14        0x8 D:/STM32CUBE/STM32cubeIDE/STM32CubeIDE/plugins/com.st.stm32cube.ide.mcu.externaltools.gnu-tools-for-stm32.12.3.rel1.win32_1.0.200.202406191623/tools/bin/../lib/gcc/arm-none-eabi/12.3.1/thumb/v6-m/nofp/crtn.o
                0x08005a1c                        . = ALIGN (0x4)
                0x08005a1c                        _etext = .

.vfp11_veneer   0x08005a1c        0x0
 .vfp11_veneer  0x08005a1c        0x0 linker stubs

.v4_bx          0x08005a1c        0x0
 .v4_bx         0x08005a1c        0x0 linker stubs

.iplt           0x08005a1c        0x0
 .iplt          0x08005a1c        0x0 D:/STM32CUBE/STM32cubeIDE/STM32CubeIDE/plugins/com.st.stm32cube.ide.mcu.externaltools.gnu-tools-for-stm32.12.3.rel1.win32_1.0.200.202406191623/tools/bin/../lib/gcc/arm-none-eabi/12.3.1/thumb/v6-m/nofp/crtbegin.o

.rodata         0x08005a1c      0x114
                0x08005a1c                        . = ALIGN (0x4)
 *(.rodata)
 .rodata        0x08005a1c       0x7d ./Core/Src/fsm_auto.o
 *fill*         0x08005a99        0x3 
 .rodata        0x08005a9c       0x1d ./Core/Src/fsm_manual.o
 *(.rodata*)
 *fill*         0x08005ab9        0x3 
 .rodata.fsm_auto_run
                0x08005abc       0x14 ./Core/Src/fsm_auto.o
 .rodata.display7SEG
                0x08005ad0       0x28 ./Core/Src/led_display.o
 .rodata.AHBPrescTable
                0x08005af8       0x10 ./Core/Src/system_stm32f0xx.o
                0x08005af8                AHBPrescTable
 .rodata.APBPrescTable
                0x08005b08        0x8 ./Core/Src/system_stm32f0xx.o
                0x08005b08                APBPrescTable
 .rodata.aPLLMULFactorTable.1
                0x08005b10       0x10 ./Drivers/STM32F0xx_HAL_Driver/Src/stm32f0xx_hal_rcc.o
 .rodata.aPredivFactorTable.0
                0x08005b20       0x10 ./Drivers/STM32F0xx_HAL_Driver/Src/stm32f0xx_hal_rcc.o
                0x08005b30                        . = ALIGN (0x4)

.rel.dyn        0x08005b30        0x0
 .rel.iplt      0x08005b30        0x0 D:/STM32CUBE/STM32cubeIDE/STM32CubeIDE/plugins/com.st.stm32cube.ide.mcu.externaltools.gnu-tools-for-stm32.12.3.rel1.win32_1.0.200.202406191623/tools/bin/../lib/gcc/arm-none-eabi/12.3.1/thumb/v6-m/nofp/crtbegin.o

.ARM.extab      0x08005b30        0x0
                0x08005b30                        . = ALIGN (0x4)
 *(.ARM.extab* .gnu.linkonce.armextab.*)
                0x08005b30                        . = ALIGN (0x4)

.ARM            0x08005b30        0x0
                0x08005b30                        . = ALIGN (0x4)
                0x08005b30                        __exidx_start = .
 *(.ARM.exidx*)
                0x08005b30                        __exidx_end = .
                0x08005b30                        . = ALIGN (0x4)

.preinit_array  0x08005b30        0x0
                0x08005b30                        . = ALIGN (0x4)
                0x08005b30                        PROVIDE (__preinit_array_start = .)
 *(.preinit_array*)
                0x08005b30                        PROVIDE (__preinit_array_end = .)
                0x08005b30                        . = ALIGN (0x4)

.init_array     0x08005b30        0x4
                0x08005b30                        . = ALIGN (0x4)
                0x08005b30                        PROVIDE (__init_array_start = .)
 *(SORT_BY_NAME(.init_array.*))
 *(.init_array*)
 .init_array    0x08005b30        0x4 D:/STM32CUBE/STM32cubeIDE/STM32CubeIDE/plugins/com.st.stm32cube.ide.mcu.externaltools.gnu-tools-for-stm32.12.3.rel1.win32_1.0.200.202406191623/tools/bin/../lib/gcc/arm-none-eabi/12.3.1/thumb/v6-m/nofp/crtbegin.o
                0x08005b34                        PROVIDE (__init_array_end = .)
                0x08005b34                        . = ALIGN (0x4)

.fini_array     0x08005b34        0x4
                0x08005b34                        . = ALIGN (0x4)
                [!provide]                        PROVIDE (__fini_array_start = .)
 *(SORT_BY_NAME(.fini_array.*))
 *(.fini_array*)
 .fini_array    0x08005b34        0x4 D:/STM32CUBE/STM32cubeIDE/STM32CubeIDE/plugins/com.st.stm32cube.ide.mcu.externaltools.gnu-tools-for-stm32.12.3.rel1.win32_1.0.200.202406191623/tools/bin/../lib/gcc/arm-none-eabi/12.3.1/thumb/v6-m/nofp/crtbegin.o
                [!provide]                        PROVIDE (__fini_array_end = .)
                0x08005b38                        . = ALIGN (0x4)
                0x08005b38                        _sidata = LOADADDR (.data)

.data           0x20000000       0x78 load address 0x08005b38
                0x20000000                        . = ALIGN (0x4)
                0x20000000                        _sdata = .
 *(.data)
 *(.data*)
 .data.increment
                0x20000000       0x14 ./Core/Src/fsm_setting.o
                0x20000000                increment
 .data.time_red_green
                0x20000014        0x4 ./Core/Src/global.o
                0x20000014                time_red_green
 .data.time_red_yellow
                0x20000018        0x4 ./Core/Src/global.o
                0x20000018                time_red_yellow
 .data.SystemCoreClock
                0x2000001c        0x4 ./Core/Src/system_stm32f0xx.o
                0x2000001c                SystemCoreClock
 .data.uwTickPrio
                0x20000020        0x4 ./Drivers/STM32F0xx_HAL_Driver/Src/stm32f0xx_hal.o
                0x20000020                uwTickPrio
 .data.uwTickFreq
                0x20000024        0x1 ./Drivers/STM32F0xx_HAL_Driver/Src/stm32f0xx_hal.o
                0x20000024                uwTickFreq
 *fill*         0x20000025        0x3 
 .data._impure_ptr
                0x20000028        0x4 D:/STM32CUBE/STM32cubeIDE/STM32CubeIDE/plugins/com.st.stm32cube.ide.mcu.externaltools.gnu-tools-for-stm32.12.3.rel1.win32_1.0.200.202406191623/tools/bin/../lib/gcc/arm-none-eabi/12.3.1/../../../../arm-none-eabi/lib/thumb/v6-m/nofp\libc_nano.a(libc_a-impure.o)
                0x20000028                _impure_ptr
 .data._impure_data
                0x2000002c       0x4c D:/STM32CUBE/STM32cubeIDE/STM32CubeIDE/plugins/com.st.stm32cube.ide.mcu.externaltools.gnu-tools-for-stm32.12.3.rel1.win32_1.0.200.202406191623/tools/bin/../lib/gcc/arm-none-eabi/12.3.1/../../../../arm-none-eabi/lib/thumb/v6-m/nofp\libc_nano.a(libc_a-impure.o)
                0x2000002c                _impure_data
 *(.RamFunc)
 *(.RamFunc*)
                0x20000078                        . = ALIGN (0x4)
                0x20000078                        _edata = .

.igot.plt       0x20000078        0x0 load address 0x08005bb0
 .igot.plt      0x20000078        0x0 D:/STM32CUBE/STM32cubeIDE/STM32CubeIDE/plugins/com.st.stm32cube.ide.mcu.externaltools.gnu-tools-for-stm32.12.3.rel1.win32_1.0.200.202406191623/tools/bin/../lib/gcc/arm-none-eabi/12.3.1/thumb/v6-m/nofp/crtbegin.o
                0x20000078                        . = ALIGN (0x4)

.bss            0x20000078      0x2dc load address 0x08005bb0
                0x20000078                        _sbss = .
                0x20000078                        __bss_start__ = _sbss
 *(.bss)
 .bss           0x20000078       0x1c D:/STM32CUBE/STM32cubeIDE/STM32CubeIDE/plugins/com.st.stm32cube.ide.mcu.externaltools.gnu-tools-for-stm32.12.3.rel1.win32_1.0.200.202406191623/tools/bin/../lib/gcc/arm-none-eabi/12.3.1/thumb/v6-m/nofp/crtbegin.o
 *(.bss*)
 .bss.buttonFlag
                0x20000094        0xc ./Core/Src/button.o
                0x20000094                buttonFlag
 .bss.count     0x200000a0        0x1 ./Core/Src/button.o
                0x200000a0                count
 *fill*         0x200000a1        0x3 
 .bss.nextTask_Switch_State
                0x200000a4        0x4 ./Core/Src/fsm_auto.o
                0x200000a4                nextTask_Switch_State
 .bss.i         0x200000a8        0x4 ./Core/Src/fsm_setting.o
                0x200000a8                i
 .bss.temp      0x200000ac        0x4 ./Core/Src/fsm_setting.o
                0x200000ac                temp
 .bss.status    0x200000b0        0x4 ./Core/Src/global.o
                0x200000b0                status
 .bss.count0    0x200000b4        0x4 ./Core/Src/global.o
                0x200000b4                count0
 .bss.count1    0x200000b8        0x4 ./Core/Src/global.o
                0x200000b8                count1
 .bss.led_buffer
                0x200000bc       0x10 ./Core/Src/led_display.o
                0x200000bc                led_buffer
 .bss.led_index
                0x200000cc        0x4 ./Core/Src/led_display.o
                0x200000cc                led_index
 .bss.hi2c1     0x200000d0       0x54 ./Core/Src/main.o
                0x200000d0                hi2c1
 .bss.htim2     0x20000124       0x48 ./Core/Src/main.o
                0x20000124                htim2
 .bss.huart1    0x2000016c       0x88 ./Core/Src/main.o
                0x2000016c                huart1
 .bss.data      0x200001f4        0x1 ./Core/Src/main.o
                0x200001f4                data
 .bss.flag      0x200001f5        0x1 ./Core/Src/main.o
                0x200001f5                flag
 *fill*         0x200001f6        0x2 
 .bss.list      0x200001f8        0xc ./Core/Src/scheduler.o
                0x200001f8                list
 .bss.__sbrk_heap_end
                0x20000204        0x4 ./Core/Src/sysmem.o
 .bss.uwTick    0x20000208        0x4 ./Drivers/STM32F0xx_HAL_Driver/Src/stm32f0xx_hal.o
                0x20000208                uwTick
 .bss.__malloc_sbrk_start
                0x2000020c        0x4 D:/STM32CUBE/STM32cubeIDE/STM32CubeIDE/plugins/com.st.stm32cube.ide.mcu.externaltools.gnu-tools-for-stm32.12.3.rel1.win32_1.0.200.202406191623/tools/bin/../lib/gcc/arm-none-eabi/12.3.1/../../../../arm-none-eabi/lib/thumb/v6-m/nofp\libc_nano.a(libc_a-mallocr.o)
                0x2000020c                __malloc_sbrk_start
 .bss.__malloc_free_list
                0x20000210        0x4 D:/STM32CUBE/STM32cubeIDE/STM32CubeIDE/plugins/com.st.stm32cube.ide.mcu.externaltools.gnu-tools-for-stm32.12.3.rel1.win32_1.0.200.202406191623/tools/bin/../lib/gcc/arm-none-eabi/12.3.1/../../../../arm-none-eabi/lib/thumb/v6-m/nofp\libc_nano.a(libc_a-mallocr.o)
                0x20000210                __malloc_free_list
 .bss.__sf      0x20000214      0x138 D:/STM32CUBE/STM32cubeIDE/STM32CubeIDE/plugins/com.st.stm32cube.ide.mcu.externaltools.gnu-tools-for-stm32.12.3.rel1.win32_1.0.200.202406191623/tools/bin/../lib/gcc/arm-none-eabi/12.3.1/../../../../arm-none-eabi/lib/thumb/v6-m/nofp\libc_nano.a(libc_a-findfp.o)
                0x20000214                __sf
 .bss.errno     0x2000034c        0x4 D:/STM32CUBE/STM32cubeIDE/STM32CubeIDE/plugins/com.st.stm32cube.ide.mcu.externaltools.gnu-tools-for-stm32.12.3.rel1.win32_1.0.200.202406191623/tools/bin/../lib/gcc/arm-none-eabi/12.3.1/../../../../arm-none-eabi/lib/thumb/v6-m/nofp\libc_nano.a(libc_a-reent.o)
                0x2000034c                errno
 .bss.__lock___malloc_recursive_mutex
                0x20000350        0x1 D:/STM32CUBE/STM32cubeIDE/STM32CubeIDE/plugins/com.st.stm32cube.ide.mcu.externaltools.gnu-tools-for-stm32.12.3.rel1.win32_1.0.200.202406191623/tools/bin/../lib/gcc/arm-none-eabi/12.3.1/../../../../arm-none-eabi/lib/thumb/v6-m/nofp\libc_nano.a(libc_a-lock.o)
                0x20000350                __lock___malloc_recursive_mutex
 *(COMMON)
                0x20000354                        . = ALIGN (0x4)
 *fill*         0x20000351        0x3 
                0x20000354                        _ebss = .
                0x20000354                        __bss_end__ = _ebss

._user_heap_stack
                0x20000354      0x604 load address 0x08005bb0
                0x20000358                        . = ALIGN (0x8)
 *fill*         0x20000354        0x4 
                [!provide]                        PROVIDE (end = .)
                0x20000358                        PROVIDE (_end = .)
                0x20000558                        . = (. + _Min_Heap_Size)
 *fill*         0x20000358      0x200 
                0x20000958                        . = (. + _Min_Stack_Size)
 *fill*         0x20000558      0x400 
                0x20000958                        . = ALIGN (0x8)

/DISCARD/
 libc.a(*)
 libm.a(*)
 libgcc.a(*)

.ARM.attributes
                0x00000000       0x28
 *(.ARM.attributes)
 .ARM.attributes
                0x00000000       0x1e D:/STM32CUBE/STM32cubeIDE/STM32CubeIDE/plugins/com.st.stm32cube.ide.mcu.externaltools.gnu-tools-for-stm32.12.3.rel1.win32_1.0.200.202406191623/tools/bin/../lib/gcc/arm-none-eabi/12.3.1/thumb/v6-m/nofp/crti.o
 .ARM.attributes
                0x0000001e       0x2c D:/STM32CUBE/STM32cubeIDE/STM32CubeIDE/plugins/com.st.stm32cube.ide.mcu.externaltools.gnu-tools-for-stm32.12.3.rel1.win32_1.0.200.202406191623/tools/bin/../lib/gcc/arm-none-eabi/12.3.1/thumb/v6-m/nofp/crtbegin.o
 .ARM.attributes
                0x0000004a       0x2c ./Core/Src/button.o
 .ARM.attributes
                0x00000076       0x2c ./Core/Src/fsm_auto.o
 .ARM.attributes
                0x000000a2       0x2c ./Core/Src/fsm_manual.o
 .ARM.attributes
                0x000000ce       0x2c ./Core/Src/fsm_setting.o
 .ARM.attributes
                0x000000fa       0x2c ./Core/Src/fsm_slow.o
 .ARM.attributes
                0x00000126       0x2c ./Core/Src/global.o
 .ARM.attributes
                0x00000152       0x2c ./Core/Src/i2c-lcd.o
 .ARM.attributes
                0x0000017e       0x2c ./Core/Src/led_display.o
 .ARM.attributes
                0x000001aa       0x2c ./Core/Src/main.o
 .ARM.attributes
                0x000001d6       0x2c ./Core/Src/scheduler.o
 .ARM.attributes
                0x00000202       0x2c ./Core/Src/stm32f0xx_hal_msp.o
 .ARM.attributes
                0x0000022e       0x2c ./Core/Src/stm32f0xx_it.o
 .ARM.attributes
                0x0000025a       0x2c ./Core/Src/sysmem.o
 .ARM.attributes
                0x00000286       0x2c ./Core/Src/system_stm32f0xx.o
 .ARM.attributes
                0x000002b2       0x21 ./Core/Startup/startup_stm32f031k6tx.o
 .ARM.attributes
                0x000002d3       0x2c ./Drivers/STM32F0xx_HAL_Driver/Src/stm32f0xx_hal.o
 .ARM.attributes
                0x000002ff       0x2c ./Drivers/STM32F0xx_HAL_Driver/Src/stm32f0xx_hal_cortex.o
 .ARM.attributes
                0x0000032b       0x2c ./Drivers/STM32F0xx_HAL_Driver/Src/stm32f0xx_hal_dma.o
 .ARM.attributes
                0x00000357       0x2c ./Drivers/STM32F0xx_HAL_Driver/Src/stm32f0xx_hal_gpio.o
 .ARM.attributes
                0x00000383       0x2c ./Drivers/STM32F0xx_HAL_Driver/Src/stm32f0xx_hal_i2c.o
 .ARM.attributes
                0x000003af       0x2c ./Drivers/STM32F0xx_HAL_Driver/Src/stm32f0xx_hal_i2c_ex.o
 .ARM.attributes
                0x000003db       0x2c ./Drivers/STM32F0xx_HAL_Driver/Src/stm32f0xx_hal_rcc.o
 .ARM.attributes
                0x00000407       0x2c ./Drivers/STM32F0xx_HAL_Driver/Src/stm32f0xx_hal_rcc_ex.o
 .ARM.attributes
                0x00000433       0x2c ./Drivers/STM32F0xx_HAL_Driver/Src/stm32f0xx_hal_tim.o
 .ARM.attributes
                0x0000045f       0x2c ./Drivers/STM32F0xx_HAL_Driver/Src/stm32f0xx_hal_tim_ex.o
 .ARM.attributes
                0x0000048b       0x2c ./Drivers/STM32F0xx_HAL_Driver/Src/stm32f0xx_hal_uart.o
 .ARM.attributes
                0x000004b7       0x2c ./Drivers/STM32F0xx_HAL_Driver/Src/stm32f0xx_hal_uart_ex.o
 .ARM.attributes
                0x000004e3       0x2c D:/STM32CUBE/STM32cubeIDE/STM32CubeIDE/plugins/com.st.stm32cube.ide.mcu.externaltools.gnu-tools-for-stm32.12.3.rel1.win32_1.0.200.202406191623/tools/bin/../lib/gcc/arm-none-eabi/12.3.1/../../../../arm-none-eabi/lib/thumb/v6-m/nofp\libc_nano.a(libc_a-malloc.o)
 .ARM.attributes
                0x0000050f       0x2c D:/STM32CUBE/STM32cubeIDE/STM32CubeIDE/plugins/com.st.stm32cube.ide.mcu.externaltools.gnu-tools-for-stm32.12.3.rel1.win32_1.0.200.202406191623/tools/bin/../lib/gcc/arm-none-eabi/12.3.1/../../../../arm-none-eabi/lib/thumb/v6-m/nofp\libc_nano.a(libc_a-mallocr.o)
 .ARM.attributes
                0x0000053b       0x2c D:/STM32CUBE/STM32cubeIDE/STM32CubeIDE/plugins/com.st.stm32cube.ide.mcu.externaltools.gnu-tools-for-stm32.12.3.rel1.win32_1.0.200.202406191623/tools/bin/../lib/gcc/arm-none-eabi/12.3.1/../../../../arm-none-eabi/lib/thumb/v6-m/nofp\libc_nano.a(libc_a-mlock.o)
 .ARM.attributes
                0x00000567       0x2c D:/STM32CUBE/STM32cubeIDE/STM32CubeIDE/plugins/com.st.stm32cube.ide.mcu.externaltools.gnu-tools-for-stm32.12.3.rel1.win32_1.0.200.202406191623/tools/bin/../lib/gcc/arm-none-eabi/12.3.1/../../../../arm-none-eabi/lib/thumb/v6-m/nofp\libc_nano.a(libc_a-findfp.o)
 .ARM.attributes
                0x00000593       0x2c D:/STM32CUBE/STM32cubeIDE/STM32CubeIDE/plugins/com.st.stm32cube.ide.mcu.externaltools.gnu-tools-for-stm32.12.3.rel1.win32_1.0.200.202406191623/tools/bin/../lib/gcc/arm-none-eabi/12.3.1/../../../../arm-none-eabi/lib/thumb/v6-m/nofp\libc_nano.a(libc_a-memset.o)
 .ARM.attributes
                0x000005bf       0x2c D:/STM32CUBE/STM32cubeIDE/STM32CubeIDE/plugins/com.st.stm32cube.ide.mcu.externaltools.gnu-tools-for-stm32.12.3.rel1.win32_1.0.200.202406191623/tools/bin/../lib/gcc/arm-none-eabi/12.3.1/../../../../arm-none-eabi/lib/thumb/v6-m/nofp\libc_nano.a(libc_a-reent.o)
 .ARM.attributes
                0x000005eb       0x2c D:/STM32CUBE/STM32cubeIDE/STM32CubeIDE/plugins/com.st.stm32cube.ide.mcu.externaltools.gnu-tools-for-stm32.12.3.rel1.win32_1.0.200.202406191623/tools/bin/../lib/gcc/arm-none-eabi/12.3.1/../../../../arm-none-eabi/lib/thumb/v6-m/nofp\libc_nano.a(libc_a-impure.o)
 .ARM.attributes
                0x00000617       0x2c D:/STM32CUBE/STM32cubeIDE/STM32CubeIDE/plugins/com.st.stm32cube.ide.mcu.externaltools.gnu-tools-for-stm32.12.3.rel1.win32_1.0.200.202406191623/tools/bin/../lib/gcc/arm-none-eabi/12.3.1/../../../../arm-none-eabi/lib/thumb/v6-m/nofp\libc_nano.a(libc_a-sbrkr.o)
 .ARM.attributes
                0x00000643       0x2c D:/STM32CUBE/STM32cubeIDE/STM32CubeIDE/plugins/com.st.stm32cube.ide.mcu.externaltools.gnu-tools-for-stm32.12.3.rel1.win32_1.0.200.202406191623/tools/bin/../lib/gcc/arm-none-eabi/12.3.1/../../../../arm-none-eabi/lib/thumb/v6-m/nofp\libc_nano.a(libc_a-errno.o)
 .ARM.attributes
                0x0000066f       0x2c D:/STM32CUBE/STM32cubeIDE/STM32CubeIDE/plugins/com.st.stm32cube.ide.mcu.externaltools.gnu-tools-for-stm32.12.3.rel1.win32_1.0.200.202406191623/tools/bin/../lib/gcc/arm-none-eabi/12.3.1/../../../../arm-none-eabi/lib/thumb/v6-m/nofp\libc_nano.a(libc_a-init.o)
 .ARM.attributes
                0x0000069b       0x2c D:/STM32CUBE/STM32cubeIDE/STM32CubeIDE/plugins/com.st.stm32cube.ide.mcu.externaltools.gnu-tools-for-stm32.12.3.rel1.win32_1.0.200.202406191623/tools/bin/../lib/gcc/arm-none-eabi/12.3.1/../../../../arm-none-eabi/lib/thumb/v6-m/nofp\libc_nano.a(libc_a-lock.o)
 .ARM.attributes
                0x000006c7       0x2c D:/STM32CUBE/STM32cubeIDE/STM32CubeIDE/plugins/com.st.stm32cube.ide.mcu.externaltools.gnu-tools-for-stm32.12.3.rel1.win32_1.0.200.202406191623/tools/bin/../lib/gcc/arm-none-eabi/12.3.1/../../../../arm-none-eabi/lib/thumb/v6-m/nofp\libc_nano.a(libc_a-freer.o)
 .ARM.attributes
                0x000006f3       0x1e D:/STM32CUBE/STM32cubeIDE/STM32CubeIDE/plugins/com.st.stm32cube.ide.mcu.externaltools.gnu-tools-for-stm32.12.3.rel1.win32_1.0.200.202406191623/tools/bin/../lib/gcc/arm-none-eabi/12.3.1/thumb/v6-m/nofp\libgcc.a(_udivsi3.o)
 .ARM.attributes
                0x00000711       0x1e D:/STM32CUBE/STM32cubeIDE/STM32CubeIDE/plugins/com.st.stm32cube.ide.mcu.externaltools.gnu-tools-for-stm32.12.3.rel1.win32_1.0.200.202406191623/tools/bin/../lib/gcc/arm-none-eabi/12.3.1/thumb/v6-m/nofp\libgcc.a(_divsi3.o)
 .ARM.attributes
                0x0000072f       0x1e D:/STM32CUBE/STM32cubeIDE/STM32CubeIDE/plugins/com.st.stm32cube.ide.mcu.externaltools.gnu-tools-for-stm32.12.3.rel1.win32_1.0.200.202406191623/tools/bin/../lib/gcc/arm-none-eabi/12.3.1/thumb/v6-m/nofp\libgcc.a(_dvmd_tls.o)
 .ARM.attributes
                0x0000074d       0x1e D:/STM32CUBE/STM32cubeIDE/STM32CubeIDE/plugins/com.st.stm32cube.ide.mcu.externaltools.gnu-tools-for-stm32.12.3.rel1.win32_1.0.200.202406191623/tools/bin/../lib/gcc/arm-none-eabi/12.3.1/thumb/v6-m/nofp/crtn.o
OUTPUT(TRAFFIC_LED.elf elf32-littlearm)
LOAD linker stubs
LOAD D:/STM32CUBE/STM32cubeIDE/STM32CubeIDE/plugins/com.st.stm32cube.ide.mcu.externaltools.gnu-tools-for-stm32.12.3.rel1.win32_1.0.200.202406191623/tools/bin/../lib/gcc/arm-none-eabi/12.3.1/../../../../arm-none-eabi/lib/thumb/v6-m/nofp\libc.a
LOAD D:/STM32CUBE/STM32cubeIDE/STM32CubeIDE/plugins/com.st.stm32cube.ide.mcu.externaltools.gnu-tools-for-stm32.12.3.rel1.win32_1.0.200.202406191623/tools/bin/../lib/gcc/arm-none-eabi/12.3.1/../../../../arm-none-eabi/lib/thumb/v6-m/nofp\libm.a
LOAD D:/STM32CUBE/STM32cubeIDE/STM32CubeIDE/plugins/com.st.stm32cube.ide.mcu.externaltools.gnu-tools-for-stm32.12.3.rel1.win32_1.0.200.202406191623/tools/bin/../lib/gcc/arm-none-eabi/12.3.1/thumb/v6-m/nofp\libgcc.a

.debug_info     0x00000000    0x12171
 .debug_info    0x00000000      0x224 ./Core/Src/button.o
 .debug_info    0x00000224      0x357 ./Core/Src/fsm_auto.o
 .debug_info    0x0000057b      0x304 ./Core/Src/fsm_manual.o
 .debug_info    0x0000087f      0x2b4 ./Core/Src/fsm_setting.o
 .debug_info    0x00000b33      0x20e ./Core/Src/fsm_slow.o
 .debug_info    0x00000d41       0xea ./Core/Src/global.o
 .debug_info    0x00000e2b      0x75a ./Core/Src/i2c-lcd.o
 .debug_info    0x00001585      0x266 ./Core/Src/led_display.o
 .debug_info    0x000017eb     0x1489 ./Core/Src/main.o
 .debug_info    0x00002c74      0x2e4 ./Core/Src/scheduler.o
 .debug_info    0x00002f58     0x1105 ./Core/Src/stm32f0xx_hal_msp.o
 .debug_info    0x0000405d      0x9fa ./Core/Src/stm32f0xx_it.o
 .debug_info    0x00004a57      0x168 ./Core/Src/sysmem.o
 .debug_info    0x00004bbf      0x242 ./Core/Src/system_stm32f0xx.o
 .debug_info    0x00004e01       0x30 ./Core/Startup/startup_stm32f031k6tx.o
 .debug_info    0x00004e31      0x65e ./Drivers/STM32F0xx_HAL_Driver/Src/stm32f0xx_hal.o
 .debug_info    0x0000548f      0x689 ./Drivers/STM32F0xx_HAL_Driver/Src/stm32f0xx_hal_cortex.o
 .debug_info    0x00005b18      0x700 ./Drivers/STM32F0xx_HAL_Driver/Src/stm32f0xx_hal_dma.o
 .debug_info    0x00006218      0x5c8 ./Drivers/STM32F0xx_HAL_Driver/Src/stm32f0xx_hal_gpio.o
 .debug_info    0x000067e0     0x20cd ./Drivers/STM32F0xx_HAL_Driver/Src/stm32f0xx_hal_i2c.o
 .debug_info    0x000088ad      0x82d ./Drivers/STM32F0xx_HAL_Driver/Src/stm32f0xx_hal_i2c_ex.o
 .debug_info    0x000090da      0x844 ./Drivers/STM32F0xx_HAL_Driver/Src/stm32f0xx_hal_rcc.o
 .debug_info    0x0000991e      0x35d ./Drivers/STM32F0xx_HAL_Driver/Src/stm32f0xx_hal_rcc_ex.o
 .debug_info    0x00009c7b     0x2946 ./Drivers/STM32F0xx_HAL_Driver/Src/stm32f0xx_hal_tim.o
 .debug_info    0x0000c5c1     0x1488 ./Drivers/STM32F0xx_HAL_Driver/Src/stm32f0xx_hal_tim_ex.o
 .debug_info    0x0000da49     0x3a9e ./Drivers/STM32F0xx_HAL_Driver/Src/stm32f0xx_hal_uart.o
 .debug_info    0x000114e7      0xc8a ./Drivers/STM32F0xx_HAL_Driver/Src/stm32f0xx_hal_uart_ex.o

.debug_abbrev   0x00000000     0x3057
 .debug_abbrev  0x00000000      0x146 ./Core/Src/button.o
 .debug_abbrev  0x00000146      0x177 ./Core/Src/fsm_auto.o
 .debug_abbrev  0x000002bd      0x162 ./Core/Src/fsm_manual.o
 .debug_abbrev  0x0000041f      0x179 ./Core/Src/fsm_setting.o
 .debug_abbrev  0x00000598      0x125 ./Core/Src/fsm_slow.o
 .debug_abbrev  0x000006bd       0x4d ./Core/Src/global.o
 .debug_abbrev  0x0000070a      0x1ef ./Core/Src/i2c-lcd.o
 .debug_abbrev  0x000008f9      0x155 ./Core/Src/led_display.o
 .debug_abbrev  0x00000a4e      0x360 ./Core/Src/main.o
 .debug_abbrev  0x00000dae      0x189 ./Core/Src/scheduler.o
 .debug_abbrev  0x00000f37      0x1e9 ./Core/Src/stm32f0xx_hal_msp.o
 .debug_abbrev  0x00001120      0x1b0 ./Core/Src/stm32f0xx_it.o
 .debug_abbrev  0x000012d0       0xbc ./Core/Src/sysmem.o
 .debug_abbrev  0x0000138c      0x11c ./Core/Src/system_stm32f0xx.o
 .debug_abbrev  0x000014a8       0x24 ./Core/Startup/startup_stm32f031k6tx.o
 .debug_abbrev  0x000014cc      0x24b ./Drivers/STM32F0xx_HAL_Driver/Src/stm32f0xx_hal.o
 .debug_abbrev  0x00001717      0x28c ./Drivers/STM32F0xx_HAL_Driver/Src/stm32f0xx_hal_cortex.o
 .debug_abbrev  0x000019a3      0x1ef ./Drivers/STM32F0xx_HAL_Driver/Src/stm32f0xx_hal_dma.o
 .debug_abbrev  0x00001b92      0x1c6 ./Drivers/STM32F0xx_HAL_Driver/Src/stm32f0xx_hal_gpio.o
 .debug_abbrev  0x00001d58      0x270 ./Drivers/STM32F0xx_HAL_Driver/Src/stm32f0xx_hal_i2c.o
 .debug_abbrev  0x00001fc8      0x1d6 ./Drivers/STM32F0xx_HAL_Driver/Src/stm32f0xx_hal_i2c_ex.o
 .debug_abbrev  0x0000219e      0x28b ./Drivers/STM32F0xx_HAL_Driver/Src/stm32f0xx_hal_rcc.o
 .debug_abbrev  0x00002429      0x16f ./Drivers/STM32F0xx_HAL_Driver/Src/stm32f0xx_hal_rcc_ex.o
 .debug_abbrev  0x00002598      0x28c ./Drivers/STM32F0xx_HAL_Driver/Src/stm32f0xx_hal_tim.o
 .debug_abbrev  0x00002824      0x297 ./Drivers/STM32F0xx_HAL_Driver/Src/stm32f0xx_hal_tim_ex.o
 .debug_abbrev  0x00002abb      0x2e1 ./Drivers/STM32F0xx_HAL_Driver/Src/stm32f0xx_hal_uart.o
 .debug_abbrev  0x00002d9c      0x2bb ./Drivers/STM32F0xx_HAL_Driver/Src/stm32f0xx_hal_uart_ex.o

.debug_aranges  0x00000000     0x1108
 .debug_aranges
                0x00000000       0x28 ./Core/Src/button.o
 .debug_aranges
                0x00000028       0x48 ./Core/Src/fsm_auto.o
 .debug_aranges
                0x00000070       0x20 ./Core/Src/fsm_manual.o
 .debug_aranges
                0x00000090       0x20 ./Core/Src/fsm_setting.o
 .debug_aranges
                0x000000b0       0x20 ./Core/Src/fsm_slow.o
 .debug_aranges
                0x000000d0       0x18 ./Core/Src/global.o
 .debug_aranges
                0x000000e8       0x48 ./Core/Src/i2c-lcd.o
 .debug_aranges
                0x00000130       0x40 ./Core/Src/led_display.o
 .debug_aranges
                0x00000170       0x68 ./Core/Src/main.o
 .debug_aranges
                0x000001d8       0x48 ./Core/Src/scheduler.o
 .debug_aranges
                0x00000220       0x50 ./Core/Src/stm32f0xx_hal_msp.o
 .debug_aranges
                0x00000270       0x50 ./Core/Src/stm32f0xx_it.o
 .debug_aranges
                0x000002c0       0x20 ./Core/Src/sysmem.o
 .debug_aranges
                0x000002e0       0x28 ./Core/Src/system_stm32f0xx.o
 .debug_aranges
                0x00000308       0x28 ./Core/Startup/startup_stm32f031k6tx.o
 .debug_aranges
                0x00000330       0xd0 ./Drivers/STM32F0xx_HAL_Driver/Src/stm32f0xx_hal.o
 .debug_aranges
                0x00000400       0xc0 ./Drivers/STM32F0xx_HAL_Driver/Src/stm32f0xx_hal_cortex.o
 .debug_aranges
                0x000004c0       0x88 ./Drivers/STM32F0xx_HAL_Driver/Src/stm32f0xx_hal_dma.o
 .debug_aranges
                0x00000548       0x58 ./Drivers/STM32F0xx_HAL_Driver/Src/stm32f0xx_hal_gpio.o
 .debug_aranges
                0x000005a0      0x2a0 ./Drivers/STM32F0xx_HAL_Driver/Src/stm32f0xx_hal_i2c.o
 .debug_aranges
                0x00000840       0x48 ./Drivers/STM32F0xx_HAL_Driver/Src/stm32f0xx_hal_i2c_ex.o
 .debug_aranges
                0x00000888       0x80 ./Drivers/STM32F0xx_HAL_Driver/Src/stm32f0xx_hal_rcc.o
 .debug_aranges
                0x00000908       0x30 ./Drivers/STM32F0xx_HAL_Driver/Src/stm32f0xx_hal_rcc_ex.o
 .debug_aranges
                0x00000938      0x3d0 ./Drivers/STM32F0xx_HAL_Driver/Src/stm32f0xx_hal_tim.o
 .debug_aranges
                0x00000d08      0x168 ./Drivers/STM32F0xx_HAL_Driver/Src/stm32f0xx_hal_tim_ex.o
 .debug_aranges
                0x00000e70      0x228 ./Drivers/STM32F0xx_HAL_Driver/Src/stm32f0xx_hal_uart.o
 .debug_aranges
                0x00001098       0x70 ./Drivers/STM32F0xx_HAL_Driver/Src/stm32f0xx_hal_uart_ex.o

.debug_rnglists
                0x00000000      0xd3c
 .debug_rnglists
                0x00000000       0x1a ./Core/Src/button.o
 .debug_rnglists
                0x0000001a       0x34 ./Core/Src/fsm_auto.o
 .debug_rnglists
                0x0000004e       0x14 ./Core/Src/fsm_manual.o
 .debug_rnglists
                0x00000062       0x14 ./Core/Src/fsm_setting.o
 .debug_rnglists
                0x00000076       0x13 ./Core/Src/fsm_slow.o
 .debug_rnglists
                0x00000089       0x31 ./Core/Src/i2c-lcd.o
 .debug_rnglists
                0x000000ba       0x2d ./Core/Src/led_display.o
 .debug_rnglists
                0x000000e7       0x4e ./Core/Src/main.o
 .debug_rnglists
                0x00000135       0x34 ./Core/Src/scheduler.o
 .debug_rnglists
                0x00000169       0x39 ./Core/Src/stm32f0xx_hal_msp.o
 .debug_rnglists
                0x000001a2       0x37 ./Core/Src/stm32f0xx_it.o
 .debug_rnglists
                0x000001d9       0x13 ./Core/Src/sysmem.o
 .debug_rnglists
                0x000001ec       0x1a ./Core/Src/system_stm32f0xx.o
 .debug_rnglists
                0x00000206       0x19 ./Core/Startup/startup_stm32f031k6tx.o
 .debug_rnglists
                0x0000021f       0x97 ./Drivers/STM32F0xx_HAL_Driver/Src/stm32f0xx_hal.o
 .debug_rnglists
                0x000002b6       0x8c ./Drivers/STM32F0xx_HAL_Driver/Src/stm32f0xx_hal_cortex.o
 .debug_rnglists
                0x00000342       0x6a ./Drivers/STM32F0xx_HAL_Driver/Src/stm32f0xx_hal_dma.o
 .debug_rnglists
                0x000003ac       0x3f ./Drivers/STM32F0xx_HAL_Driver/Src/stm32f0xx_hal_gpio.o
 .debug_rnglists
                0x000003eb      0x229 ./Drivers/STM32F0xx_HAL_Driver/Src/stm32f0xx_hal_i2c.o
 .debug_rnglists
                0x00000614       0x35 ./Drivers/STM32F0xx_HAL_Driver/Src/stm32f0xx_hal_i2c_ex.o
 .debug_rnglists
                0x00000649       0x61 ./Drivers/STM32F0xx_HAL_Driver/Src/stm32f0xx_hal_rcc.o
 .debug_rnglists
                0x000006aa       0x21 ./Drivers/STM32F0xx_HAL_Driver/Src/stm32f0xx_hal_rcc_ex.o
 .debug_rnglists
                0x000006cb      0x31c ./Drivers/STM32F0xx_HAL_Driver/Src/stm32f0xx_hal_tim.o
 .debug_rnglists
                0x000009e7      0x126 ./Drivers/STM32F0xx_HAL_Driver/Src/stm32f0xx_hal_tim_ex.o
 .debug_rnglists
                0x00000b0d      0x1db ./Drivers/STM32F0xx_HAL_Driver/Src/stm32f0xx_hal_uart.o
 .debug_rnglists
                0x00000ce8       0x54 ./Drivers/STM32F0xx_HAL_Driver/Src/stm32f0xx_hal_uart_ex.o

.debug_macro    0x00000000    0x12ccb
 .debug_macro   0x00000000      0x309 ./Core/Src/button.o
 .debug_macro   0x00000309      0xa8a ./Core/Src/button.o
 .debug_macro   0x00000d93      0x133 ./Core/Src/button.o
 .debug_macro   0x00000ec6       0x2e ./Core/Src/button.o
 .debug_macro   0x00000ef4       0x22 ./Core/Src/button.o
 .debug_macro   0x00000f16       0x22 ./Core/Src/button.o
 .debug_macro   0x00000f38       0x8e ./Core/Src/button.o
 .debug_macro   0x00000fc6       0x51 ./Core/Src/button.o
 .debug_macro   0x00001017      0x103 ./Core/Src/button.o
 .debug_macro   0x0000111a       0x6a ./Core/Src/button.o
 .debug_macro   0x00001184      0x1df ./Core/Src/button.o
 .debug_macro   0x00001363       0x1c ./Core/Src/button.o
 .debug_macro   0x0000137f       0x22 ./Core/Src/button.o
 .debug_macro   0x000013a1       0xaf ./Core/Src/button.o
 .debug_macro   0x00001450      0x391 ./Core/Src/button.o
 .debug_macro   0x000017e1     0x754b ./Core/Src/button.o
 .debug_macro   0x00008d2c       0x66 ./Core/Src/button.o
 .debug_macro   0x00008d92     0x34da ./Core/Src/button.o
 .debug_macro   0x0000c26c      0x189 ./Core/Src/button.o
 .debug_macro   0x0000c3f5       0x55 ./Core/Src/button.o
 .debug_macro   0x0000c44a      0x924 ./Core/Src/button.o
 .debug_macro   0x0000cd6e       0xe5 ./Core/Src/button.o
 .debug_macro   0x0000ce53      0x1ae ./Core/Src/button.o
 .debug_macro   0x0000d001       0xce ./Core/Src/button.o
 .debug_macro   0x0000d0cf      0x199 ./Core/Src/button.o
 .debug_macro   0x0000d268      0x1ed ./Core/Src/button.o
 .debug_macro   0x0000d455       0x34 ./Core/Src/button.o
 .debug_macro   0x0000d489       0x43 ./Core/Src/button.o
 .debug_macro   0x0000d4cc       0x28 ./Core/Src/button.o
 .debug_macro   0x0000d4f4       0xb0 ./Core/Src/button.o
 .debug_macro   0x0000d5a4      0x15a ./Core/Src/button.o
 .debug_macro   0x0000d6fe      0x22c ./Core/Src/button.o
 .debug_macro   0x0000d92a       0x61 ./Core/Src/button.o
 .debug_macro   0x0000d98b       0xa5 ./Core/Src/button.o
 .debug_macro   0x0000da30       0x4c ./Core/Src/button.o
 .debug_macro   0x0000da7c      0x112 ./Core/Src/button.o
 .debug_macro   0x0000db8e      0x8f4 ./Core/Src/button.o
 .debug_macro   0x0000e482       0x28 ./Core/Src/button.o
 .debug_macro   0x0000e4aa      0x5ba ./Core/Src/button.o
 .debug_macro   0x0000ea64       0x3e ./Core/Src/button.o
 .debug_macro   0x0000eaa2      0x106 ./Core/Src/button.o
 .debug_macro   0x0000eba8      0x10c ./Core/Src/button.o
 .debug_macro   0x0000ecb4       0x24 ./Core/Src/button.o
 .debug_macro   0x0000ecd8       0x61 ./Core/Src/button.o
 .debug_macro   0x0000ed39       0x43 ./Core/Src/button.o
 .debug_macro   0x0000ed7c       0x34 ./Core/Src/button.o
 .debug_macro   0x0000edb0       0x16 ./Core/Src/button.o
 .debug_macro   0x0000edc6       0x35 ./Core/Src/button.o
 .debug_macro   0x0000edfb       0x16 ./Core/Src/button.o
 .debug_macro   0x0000ee11       0x43 ./Core/Src/button.o
 .debug_macro   0x0000ee54       0x34 ./Core/Src/button.o
 .debug_macro   0x0000ee88       0x10 ./Core/Src/button.o
 .debug_macro   0x0000ee98       0x58 ./Core/Src/button.o
 .debug_macro   0x0000eef0       0x8e ./Core/Src/button.o
 .debug_macro   0x0000ef7e       0x1c ./Core/Src/button.o
 .debug_macro   0x0000ef9a      0x177 ./Core/Src/button.o
 .debug_macro   0x0000f111      0x369 ./Core/Src/button.o
 .debug_macro   0x0000f47a       0x16 ./Core/Src/button.o
 .debug_macro   0x0000f490       0x29 ./Core/Src/button.o
 .debug_macro   0x0000f4b9       0x40 ./Core/Src/button.o
 .debug_macro   0x0000f4f9       0x10 ./Core/Src/button.o
 .debug_macro   0x0000f509      0x303 ./Core/Src/fsm_auto.o
 .debug_macro   0x0000f80c       0x16 ./Core/Src/fsm_auto.o
 .debug_macro   0x0000f822      0x303 ./Core/Src/fsm_manual.o
 .debug_macro   0x0000fb25      0x303 ./Core/Src/fsm_setting.o
 .debug_macro   0x0000fe28      0x303 ./Core/Src/fsm_slow.o
 .debug_macro   0x0001012b      0x2ff ./Core/Src/global.o
 .debug_macro   0x0001042a      0x1d2 ./Core/Src/i2c-lcd.o
 .debug_macro   0x000105fc      0x1db ./Core/Src/led_display.o
 .debug_macro   0x000107d7      0x303 ./Core/Src/main.o
 .debug_macro   0x00010ada      0x309 ./Core/Src/scheduler.o
 .debug_macro   0x00010de3      0x1d1 ./Core/Src/stm32f0xx_hal_msp.o
 .debug_macro   0x00010fb4      0x1db ./Core/Src/stm32f0xx_it.o
 .debug_macro   0x0001118f       0xff ./Core/Src/sysmem.o
 .debug_macro   0x0001128e      0x23c ./Core/Src/sysmem.o
 .debug_macro   0x000114ca      0x1c2 ./Core/Src/system_stm32f0xx.o
 .debug_macro   0x0001168c      0x1e6 ./Drivers/STM32F0xx_HAL_Driver/Src/stm32f0xx_hal.o
 .debug_macro   0x00011872      0x1c2 ./Drivers/STM32F0xx_HAL_Driver/Src/stm32f0xx_hal_cortex.o
 .debug_macro   0x00011a34      0x1c2 ./Drivers/STM32F0xx_HAL_Driver/Src/stm32f0xx_hal_dma.o
 .debug_macro   0x00011bf6      0x1c9 ./Drivers/STM32F0xx_HAL_Driver/Src/stm32f0xx_hal_gpio.o
 .debug_macro   0x00011dbf      0x28e ./Drivers/STM32F0xx_HAL_Driver/Src/stm32f0xx_hal_i2c.o
 .debug_macro   0x0001204d      0x1c2 ./Drivers/STM32F0xx_HAL_Driver/Src/stm32f0xx_hal_i2c_ex.o
 .debug_macro   0x0001220f      0x1d4 ./Drivers/STM32F0xx_HAL_Driver/Src/stm32f0xx_hal_rcc.o
 .debug_macro   0x000123e3      0x1c2 ./Drivers/STM32F0xx_HAL_Driver/Src/stm32f0xx_hal_rcc_ex.o
 .debug_macro   0x000125a5      0x1c3 ./Drivers/STM32F0xx_HAL_Driver/Src/stm32f0xx_hal_tim.o
 .debug_macro   0x00012768      0x1c2 ./Drivers/STM32F0xx_HAL_Driver/Src/stm32f0xx_hal_tim_ex.o
 .debug_macro   0x0001292a      0x1df ./Drivers/STM32F0xx_HAL_Driver/Src/stm32f0xx_hal_uart.o
 .debug_macro   0x00012b09      0x1c2 ./Drivers/STM32F0xx_HAL_Driver/Src/stm32f0xx_hal_uart_ex.o

.debug_line     0x00000000    0x19105
 .debug_line    0x00000000      0x9b0 ./Core/Src/button.o
 .debug_line    0x000009b0      0xac2 ./Core/Src/fsm_auto.o
 .debug_line    0x00001472      0x9cf ./Core/Src/fsm_manual.o
 .debug_line    0x00001e41      0x9f6 ./Core/Src/fsm_setting.o
 .debug_line    0x00002837      0x944 ./Core/Src/fsm_slow.o
 .debug_line    0x0000317b      0x91e ./Core/Src/global.o
 .debug_line    0x00003a99      0x829 ./Core/Src/i2c-lcd.o
 .debug_line    0x000042c2      0x874 ./Core/Src/led_display.o
 .debug_line    0x00004b36      0xb6b ./Core/Src/main.o
 .debug_line    0x000056a1      0xb78 ./Core/Src/scheduler.o
 .debug_line    0x00006219      0x844 ./Core/Src/stm32f0xx_hal_msp.o
 .debug_line    0x00006a5d      0x7ff ./Core/Src/stm32f0xx_it.o
 .debug_line    0x0000725c      0x583 ./Core/Src/sysmem.o
 .debug_line    0x000077df      0x7da ./Core/Src/system_stm32f0xx.o
 .debug_line    0x00007fb9       0x7b ./Core/Startup/startup_stm32f031k6tx.o
 .debug_line    0x00008034      0x9e5 ./Drivers/STM32F0xx_HAL_Driver/Src/stm32f0xx_hal.o
 .debug_line    0x00008a19      0xa91 ./Drivers/STM32F0xx_HAL_Driver/Src/stm32f0xx_hal_cortex.o
 .debug_line    0x000094aa      0xd09 ./Drivers/STM32F0xx_HAL_Driver/Src/stm32f0xx_hal_dma.o
 .debug_line    0x0000a1b3      0xb6b ./Drivers/STM32F0xx_HAL_Driver/Src/stm32f0xx_hal_gpio.o
 .debug_line    0x0000ad1e     0x3a9f ./Drivers/STM32F0xx_HAL_Driver/Src/stm32f0xx_hal_i2c.o
 .debug_line    0x0000e7bd      0x988 ./Drivers/STM32F0xx_HAL_Driver/Src/stm32f0xx_hal_i2c_ex.o
 .debug_line    0x0000f145      0xdca ./Drivers/STM32F0xx_HAL_Driver/Src/stm32f0xx_hal_rcc.o
 .debug_line    0x0000ff0f      0x941 ./Drivers/STM32F0xx_HAL_Driver/Src/stm32f0xx_hal_rcc_ex.o
 .debug_line    0x00010850     0x3707 ./Drivers/STM32F0xx_HAL_Driver/Src/stm32f0xx_hal_tim.o
 .debug_line    0x00013f57     0x1951 ./Drivers/STM32F0xx_HAL_Driver/Src/stm32f0xx_hal_tim_ex.o
 .debug_line    0x000158a8     0x2c79 ./Drivers/STM32F0xx_HAL_Driver/Src/stm32f0xx_hal_uart.o
 .debug_line    0x00018521      0xbe4 ./Drivers/STM32F0xx_HAL_Driver/Src/stm32f0xx_hal_uart_ex.o

.debug_str      0x00000000    0x68632
 .debug_str     0x00000000    0x63743 ./Core/Src/button.o
                              0x63a0d (size before relaxing)
 .debug_str     0x00063743      0x1af ./Core/Src/fsm_auto.o
                              0x63b86 (size before relaxing)
 .debug_str     0x000638f2       0x19 ./Core/Src/fsm_manual.o
                              0x63b19 (size before relaxing)
 .debug_str     0x0006390b       0x24 ./Core/Src/fsm_setting.o
                              0x63a88 (size before relaxing)
 .debug_str     0x0006392f       0x2a ./Core/Src/fsm_slow.o
                              0x63a11 (size before relaxing)
 .debug_str     0x00063959       0x15 ./Core/Src/global.o
                              0x6396f (size before relaxing)
 .debug_str     0x0006396e      0x498 ./Core/Src/i2c-lcd.o
                              0x60861 (size before relaxing)
 .debug_str     0x00063e06       0x45 ./Core/Src/led_display.o
                              0x60754 (size before relaxing)
 .debug_str     0x00063e4b      0x90a ./Core/Src/main.o
                              0x648c9 (size before relaxing)
 .debug_str     0x00064755       0x82 ./Core/Src/scheduler.o
                              0x63a21 (size before relaxing)
 .debug_str     0x000647d7      0x200 ./Core/Src/stm32f0xx_hal_msp.o
                              0x61340 (size before relaxing)
 .debug_str     0x000649d7       0xcb ./Core/Src/stm32f0xx_it.o
                              0x60e2c (size before relaxing)
 .debug_str     0x00064aa2      0x4dc ./Core/Src/sysmem.o
                               0x5faf (size before relaxing)
 .debug_str     0x00064f7e       0x8b ./Core/Src/system_stm32f0xx.o
                              0x603b4 (size before relaxing)
 .debug_str     0x00065009       0x44 ./Core/Startup/startup_stm32f031k6tx.o
                                 0x6a (size before relaxing)
 .debug_str     0x0006504d      0x37a ./Drivers/STM32F0xx_HAL_Driver/Src/stm32f0xx_hal.o
                              0x60926 (size before relaxing)
 .debug_str     0x000653c7      0x197 ./Drivers/STM32F0xx_HAL_Driver/Src/stm32f0xx_hal_cortex.o
                              0x60717 (size before relaxing)
 .debug_str     0x0006555e      0x248 ./Drivers/STM32F0xx_HAL_Driver/Src/stm32f0xx_hal_dma.o
                              0x6075a (size before relaxing)
 .debug_str     0x000657a6       0xef ./Drivers/STM32F0xx_HAL_Driver/Src/stm32f0xx_hal_gpio.o
                              0x60555 (size before relaxing)
 .debug_str     0x00065895      0xe2c ./Drivers/STM32F0xx_HAL_Driver/Src/stm32f0xx_hal_i2c.o
                              0x61712 (size before relaxing)
 .debug_str     0x000666c1       0xb8 ./Drivers/STM32F0xx_HAL_Driver/Src/stm32f0xx_hal_i2c_ex.o
                              0x60912 (size before relaxing)
 .debug_str     0x00066779      0x20f ./Drivers/STM32F0xx_HAL_Driver/Src/stm32f0xx_hal_rcc.o
                              0x607f0 (size before relaxing)
 .debug_str     0x00066988       0x97 ./Drivers/STM32F0xx_HAL_Driver/Src/stm32f0xx_hal_rcc_ex.o
                              0x604fd (size before relaxing)
 .debug_str     0x00066a1f      0xda3 ./Drivers/STM32F0xx_HAL_Driver/Src/stm32f0xx_hal_tim.o
                              0x617ca (size before relaxing)
 .debug_str     0x000677c2      0x493 ./Drivers/STM32F0xx_HAL_Driver/Src/stm32f0xx_hal_tim_ex.o
                              0x60fd6 (size before relaxing)
 .debug_str     0x00067c55      0x825 ./Drivers/STM32F0xx_HAL_Driver/Src/stm32f0xx_hal_uart.o
                              0x61118 (size before relaxing)
 .debug_str     0x0006847a      0x1b8 ./Drivers/STM32F0xx_HAL_Driver/Src/stm32f0xx_hal_uart_ex.o
                              0x60a49 (size before relaxing)

.comment        0x00000000       0x43
 .comment       0x00000000       0x43 ./Core/Src/button.o
                                 0x44 (size before relaxing)
 .comment       0x00000043       0x44 ./Core/Src/fsm_auto.o
 .comment       0x00000043       0x44 ./Core/Src/fsm_manual.o
 .comment       0x00000043       0x44 ./Core/Src/fsm_setting.o
 .comment       0x00000043       0x44 ./Core/Src/fsm_slow.o
 .comment       0x00000043       0x44 ./Core/Src/global.o
 .comment       0x00000043       0x44 ./Core/Src/i2c-lcd.o
 .comment       0x00000043       0x44 ./Core/Src/led_display.o
 .comment       0x00000043       0x44 ./Core/Src/main.o
 .comment       0x00000043       0x44 ./Core/Src/scheduler.o
 .comment       0x00000043       0x44 ./Core/Src/stm32f0xx_hal_msp.o
 .comment       0x00000043       0x44 ./Core/Src/stm32f0xx_it.o
 .comment       0x00000043       0x44 ./Core/Src/sysmem.o
 .comment       0x00000043       0x44 ./Core/Src/system_stm32f0xx.o
 .comment       0x00000043       0x44 ./Drivers/STM32F0xx_HAL_Driver/Src/stm32f0xx_hal.o
 .comment       0x00000043       0x44 ./Drivers/STM32F0xx_HAL_Driver/Src/stm32f0xx_hal_cortex.o
 .comment       0x00000043       0x44 ./Drivers/STM32F0xx_HAL_Driver/Src/stm32f0xx_hal_dma.o
 .comment       0x00000043       0x44 ./Drivers/STM32F0xx_HAL_Driver/Src/stm32f0xx_hal_gpio.o
 .comment       0x00000043       0x44 ./Drivers/STM32F0xx_HAL_Driver/Src/stm32f0xx_hal_i2c.o
 .comment       0x00000043       0x44 ./Drivers/STM32F0xx_HAL_Driver/Src/stm32f0xx_hal_i2c_ex.o
 .comment       0x00000043       0x44 ./Drivers/STM32F0xx_HAL_Driver/Src/stm32f0xx_hal_rcc.o
 .comment       0x00000043       0x44 ./Drivers/STM32F0xx_HAL_Driver/Src/stm32f0xx_hal_rcc_ex.o
 .comment       0x00000043       0x44 ./Drivers/STM32F0xx_HAL_Driver/Src/stm32f0xx_hal_tim.o
 .comment       0x00000043       0x44 ./Drivers/STM32F0xx_HAL_Driver/Src/stm32f0xx_hal_tim_ex.o
 .comment       0x00000043       0x44 ./Drivers/STM32F0xx_HAL_Driver/Src/stm32f0xx_hal_uart.o
 .comment       0x00000043       0x44 ./Drivers/STM32F0xx_HAL_Driver/Src/stm32f0xx_hal_uart_ex.o

.debug_frame    0x00000000     0x3eac
 .debug_frame   0x00000000       0x4c ./Core/Src/button.o
 .debug_frame   0x0000004c       0xb8 ./Core/Src/fsm_auto.o
 .debug_frame   0x00000104       0x2c ./Core/Src/fsm_manual.o
 .debug_frame   0x00000130       0x30 ./Core/Src/fsm_setting.o
 .debug_frame   0x00000160       0x2c ./Core/Src/fsm_slow.o
 .debug_frame   0x0000018c       0xc8 ./Core/Src/i2c-lcd.o
 .debug_frame   0x00000254       0xa4 ./Core/Src/led_display.o
 .debug_frame   0x000002f8      0x13c ./Core/Src/main.o
 .debug_frame   0x00000434       0xc8 ./Core/Src/scheduler.o
 .debug_frame   0x000004fc       0xf0 ./Core/Src/stm32f0xx_hal_msp.o
 .debug_frame   0x000005ec       0xd4 ./Core/Src/stm32f0xx_it.o
 .debug_frame   0x000006c0       0x30 ./Core/Src/sysmem.o
 .debug_frame   0x000006f0       0x4c ./Core/Src/system_stm32f0xx.o
 .debug_frame   0x0000073c      0x2a4 ./Drivers/STM32F0xx_HAL_Driver/Src/stm32f0xx_hal.o
 .debug_frame   0x000009e0      0x2a0 ./Drivers/STM32F0xx_HAL_Driver/Src/stm32f0xx_hal_cortex.o
 .debug_frame   0x00000c80      0x1d0 ./Drivers/STM32F0xx_HAL_Driver/Src/stm32f0xx_hal_dma.o
 .debug_frame   0x00000e50      0x110 ./Drivers/STM32F0xx_HAL_Driver/Src/stm32f0xx_hal_gpio.o
 .debug_frame   0x00000f60      0xa68 ./Drivers/STM32F0xx_HAL_Driver/Src/stm32f0xx_hal_i2c.o
 .debug_frame   0x000019c8       0xd0 ./Drivers/STM32F0xx_HAL_Driver/Src/stm32f0xx_hal_i2c_ex.o
 .debug_frame   0x00001a98      0x198 ./Drivers/STM32F0xx_HAL_Driver/Src/stm32f0xx_hal_rcc.o
 .debug_frame   0x00001c30       0x70 ./Drivers/STM32F0xx_HAL_Driver/Src/stm32f0xx_hal_rcc_ex.o
 .debug_frame   0x00001ca0      0xf00 ./Drivers/STM32F0xx_HAL_Driver/Src/stm32f0xx_hal_tim.o
 .debug_frame   0x00002ba0      0x560 ./Drivers/STM32F0xx_HAL_Driver/Src/stm32f0xx_hal_tim_ex.o
 .debug_frame   0x00003100      0x850 ./Drivers/STM32F0xx_HAL_Driver/Src/stm32f0xx_hal_uart.o
 .debug_frame   0x00003950      0x174 ./Drivers/STM32F0xx_HAL_Driver/Src/stm32f0xx_hal_uart_ex.o
 .debug_frame   0x00003ac4       0x40 D:/STM32CUBE/STM32cubeIDE/STM32CubeIDE/plugins/com.st.stm32cube.ide.mcu.externaltools.gnu-tools-for-stm32.12.3.rel1.win32_1.0.200.202406191623/tools/bin/../lib/gcc/arm-none-eabi/12.3.1/../../../../arm-none-eabi/lib/thumb/v6-m/nofp\libc_nano.a(libc_a-malloc.o)
 .debug_frame   0x00003b04       0x50 D:/STM32CUBE/STM32cubeIDE/STM32CubeIDE/plugins/com.st.stm32cube.ide.mcu.externaltools.gnu-tools-for-stm32.12.3.rel1.win32_1.0.200.202406191623/tools/bin/../lib/gcc/arm-none-eabi/12.3.1/../../../../arm-none-eabi/lib/thumb/v6-m/nofp\libc_nano.a(libc_a-mallocr.o)
 .debug_frame   0x00003b54       0x40 D:/STM32CUBE/STM32cubeIDE/STM32CubeIDE/plugins/com.st.stm32cube.ide.mcu.externaltools.gnu-tools-for-stm32.12.3.rel1.win32_1.0.200.202406191623/tools/bin/../lib/gcc/arm-none-eabi/12.3.1/../../../../arm-none-eabi/lib/thumb/v6-m/nofp\libc_nano.a(libc_a-mlock.o)
 .debug_frame   0x00003b94      0x138 D:/STM32CUBE/STM32cubeIDE/STM32CubeIDE/plugins/com.st.stm32cube.ide.mcu.externaltools.gnu-tools-for-stm32.12.3.rel1.win32_1.0.200.202406191623/tools/bin/../lib/gcc/arm-none-eabi/12.3.1/../../../../arm-none-eabi/lib/thumb/v6-m/nofp\libc_nano.a(libc_a-findfp.o)
 .debug_frame   0x00003ccc       0x20 D:/STM32CUBE/STM32cubeIDE/STM32CubeIDE/plugins/com.st.stm32cube.ide.mcu.externaltools.gnu-tools-for-stm32.12.3.rel1.win32_1.0.200.202406191623/tools/bin/../lib/gcc/arm-none-eabi/12.3.1/../../../../arm-none-eabi/lib/thumb/v6-m/nofp\libc_nano.a(libc_a-memset.o)
 .debug_frame   0x00003cec       0x2c D:/STM32CUBE/STM32cubeIDE/STM32CubeIDE/plugins/com.st.stm32cube.ide.mcu.externaltools.gnu-tools-for-stm32.12.3.rel1.win32_1.0.200.202406191623/tools/bin/../lib/gcc/arm-none-eabi/12.3.1/../../../../arm-none-eabi/lib/thumb/v6-m/nofp\libc_nano.a(libc_a-reent.o)
 .debug_frame   0x00003d18       0x2c D:/STM32CUBE/STM32cubeIDE/STM32CubeIDE/plugins/com.st.stm32cube.ide.mcu.externaltools.gnu-tools-for-stm32.12.3.rel1.win32_1.0.200.202406191623/tools/bin/../lib/gcc/arm-none-eabi/12.3.1/../../../../arm-none-eabi/lib/thumb/v6-m/nofp\libc_nano.a(libc_a-sbrkr.o)
 .debug_frame   0x00003d44       0x20 D:/STM32CUBE/STM32cubeIDE/STM32CubeIDE/plugins/com.st.stm32cube.ide.mcu.externaltools.gnu-tools-for-stm32.12.3.rel1.win32_1.0.200.202406191623/tools/bin/../lib/gcc/arm-none-eabi/12.3.1/../../../../arm-none-eabi/lib/thumb/v6-m/nofp\libc_nano.a(libc_a-errno.o)
 .debug_frame   0x00003d64       0x2c D:/STM32CUBE/STM32cubeIDE/STM32CubeIDE/plugins/com.st.stm32cube.ide.mcu.externaltools.gnu-tools-for-stm32.12.3.rel1.win32_1.0.200.202406191623/tools/bin/../lib/gcc/arm-none-eabi/12.3.1/../../../../arm-none-eabi/lib/thumb/v6-m/nofp\libc_nano.a(libc_a-init.o)
 .debug_frame   0x00003d90       0xb0 D:/STM32CUBE/STM32cubeIDE/STM32CubeIDE/plugins/com.st.stm32cube.ide.mcu.externaltools.gnu-tools-for-stm32.12.3.rel1.win32_1.0.200.202406191623/tools/bin/../lib/gcc/arm-none-eabi/12.3.1/../../../../arm-none-eabi/lib/thumb/v6-m/nofp\libc_nano.a(libc_a-lock.o)
 .debug_frame   0x00003e40       0x2c D:/STM32CUBE/STM32cubeIDE/STM32CubeIDE/plugins/com.st.stm32cube.ide.mcu.externaltools.gnu-tools-for-stm32.12.3.rel1.win32_1.0.200.202406191623/tools/bin/../lib/gcc/arm-none-eabi/12.3.1/../../../../arm-none-eabi/lib/thumb/v6-m/nofp\libc_nano.a(libc_a-freer.o)
 .debug_frame   0x00003e6c       0x20 D:/STM32CUBE/STM32cubeIDE/STM32CubeIDE/plugins/com.st.stm32cube.ide.mcu.externaltools.gnu-tools-for-stm32.12.3.rel1.win32_1.0.200.202406191623/tools/bin/../lib/gcc/arm-none-eabi/12.3.1/thumb/v6-m/nofp\libgcc.a(_udivsi3.o)
 .debug_frame   0x00003e8c       0x20 D:/STM32CUBE/STM32cubeIDE/STM32CubeIDE/plugins/com.st.stm32cube.ide.mcu.externaltools.gnu-tools-for-stm32.12.3.rel1.win32_1.0.200.202406191623/tools/bin/../lib/gcc/arm-none-eabi/12.3.1/thumb/v6-m/nofp\libgcc.a(_divsi3.o)

.debug_line_str
                0x00000000       0x4e
 .debug_line_str
                0x00000000       0x4e ./Core/Startup/startup_stm32f031k6tx.o
