../Core/Src/main.c:75:5:main	8	static
../Core/Src/main.c:146:6:SystemClock_Config	96	static
../Core/Src/main.c:190:13:MX_I2C1_Init	8	static
../Core/Src/main.c:238:13:MX_TIM2_Init	32	static
../Core/Src/main.c:283:13:MX_USART1_UART_Init	8	static
../Core/Src/main.c:318:13:MX_GPIO_Init	48	static
../Core/Src/main.c:376:6:HAL_UART_RxCpltCallback	16	static
../Core/Src/main.c:380:6:HAL_TIM_PeriodElapsedCallback	16	static
../Core/Src/main.c:383:6:led_debug	8	static
../Core/Src/main.c:393:6:Error_Handler	8	static,ignoring_inline_asm
